 zkfp

 Timestamp is 5d15d235 (Fri Jun 28 15:39:17 2019)

 Preferred load address is 0000000180000000

 Start         Length     Name                   Class
 0001:00000000 0000c460H .text$mn                CODE
 0001:0000c460 00000020H .text$mn$00             CODE
 0001:0000c480 00000250H .text$x                 CODE
 0002:00000000 00000330H .idata$5                DATA
 0002:00000330 00000010H .00cfg                  DATA
 0002:00000340 00000008H .CRT$XCA                DATA
 0002:00000348 00000008H .CRT$XCU                DATA
 0002:00000350 00000008H .CRT$XCZ                DATA
 0002:00000358 00000008H .CRT$XIA                DATA
 0002:00000360 00000018H .CRT$XIC                DATA
 0002:00000378 00000008H .CRT$XIZ                DATA
 0002:00000380 00000008H .CRT$XPA                DATA
 0002:00000388 00000010H .CRT$XPX                DATA
 0002:00000398 00000008H .CRT$XPXA               DATA
 0002:000003a0 00000008H .CRT$XPZ                DATA
 0002:000003a8 00000008H .CRT$XTA                DATA
 0002:000003b0 00000010H .CRT$XTZ                DATA
 0002:000003b8 00000000H .gfids$y                DATA
 0002:000003c0 000073f0H .rdata                  DATA
 0002:000077b0 000001f4H .rdata$r                DATA
 0002:000079a4 00000334H .rdata$zzzdbg           DATA
 0002:00007cd8 00000008H .rtc$IAA                DATA
 0002:00007ce0 00000008H .rtc$IZZ                DATA
 0002:00007ce8 00000008H .rtc$TAA                DATA
 0002:00007cf0 00000008H .rtc$TZZ                DATA
 0002:00007cf8 00000bf8H .xdata                  DATA
 0002:000088f0 000000f0H .xdata$x                DATA
 0002:000089e0 0000004cH .edata                  DATA
 0002:00008a2c 0000003cH .idata$2                DATA
 0002:00008a68 00000018H .idata$3                DATA
 0002:00008a80 00000330H .idata$4                DATA
 0002:00008db0 00000af4H .idata$6                DATA
 0003:00000000 00000a20H .data                   DATA
 0003:00000a20 000000a0H .data$r                 DATA
 0003:00000ac0 000011e8H .bss                    DATA
 0004:00000000 00000ed0H .pdata                  DATA
 0005:00000000 00000060H .rsrc$01                DATA
 0005:00000060 00000180H .rsrc$02                DATA

  Address         Publics by Value              Rva+Base               Lib:Object

 0000:00000000       __hybrid_code_map_count    0000000000000000     <absolute>
 0000:00000000       __hybrid_code_map          0000000000000000     <absolute>
 0000:00000000       __guard_iat_count          0000000000000000     <absolute>
 0000:00000000       __volatile_metadata        0000000000000000     <absolute>
 0000:00000000       __guard_longjmp_count      0000000000000000     <absolute>
 0000:00000000       __guard_longjmp_table      0000000000000000     <absolute>
 0000:00000000       __guard_iat_table          0000000000000000     <absolute>
 0000:00000000       __guard_fids_count         0000000000000000     <absolute>
 0000:00000000       ___safe_se_handler_count   0000000000000000     <absolute>
 0000:00000000       __enclave_config           0000000000000000     <absolute>
 0000:00000000       ___safe_se_handler_table   0000000000000000     <absolute>
 0000:00000000       __guard_fids_table         0000000000000000     <absolute>
 0000:00000000       __hybrid_auxiliary_iat     0000000000000000     <absolute>
 0000:00000000       __dynamic_value_reloc_table 0000000000000000     <absolute>
 0000:00000100       __guard_flags              0000000000000100     <absolute>
 0000:00000000       __ImageBase                0000000180000000     <linker-defined>
 0001:00000000       ?NODE_SET_METHOD@node@@YAXV?$Local@VObject@v8@@@v8@@PEBDP6AXAEBV?$FunctionCallbackInfo@VValue@v8@@@3@@Z@Z 0000000180001000 f i zkfp.obj
 0001:000000d0       ?Method@@YAXAEBV?$FunctionCallbackInfo@VValue@v8@@@v8@@@Z 00000001800010d0 f   zkfp.obj
 0001:00000140       ?zkfpm_init@@YAXAEBV?$FunctionCallbackInfo@VValue@v8@@@v8@@@Z 0000000180001140 f   zkfp.obj
 0001:000001b0       ?zkfpm_terminate@@YAXAEBV?$FunctionCallbackInfo@VValue@v8@@@v8@@@Z 00000001800011b0 f   zkfp.obj
 0001:00000220       ?zkfpm_open_device@@YAXAEBV?$FunctionCallbackInfo@VValue@v8@@@v8@@@Z 0000000180001220 f   zkfp.obj
 0001:000002a0       ?zkfpm_close_device@@YAXAEBV?$FunctionCallbackInfo@VValue@v8@@@v8@@@Z 00000001800012a0 f   zkfp.obj
 0001:00000300       ?zkfpm_db_init@@YAXAEBV?$FunctionCallbackInfo@VValue@v8@@@v8@@@Z 0000000180001300 f   zkfp.obj
 0001:00000380       ?zkfpm_set_parameters@@YAXAEBV?$FunctionCallbackInfo@VValue@v8@@@v8@@@Z 0000000180001380 f   zkfp.obj
 0001:000005b0       ?zkfpm_get_parameters@@YAXAEBV?$FunctionCallbackInfo@VValue@v8@@@v8@@@Z 00000001800015b0 f   zkfp.obj
 0001:000007c0       ?zkfpm_acquire_fingerprint@@YAXAEBV?$FunctionCallbackInfo@VValue@v8@@@v8@@@Z 00000001800017c0 f   zkfp.obj
 0001:00000a70       ?zkfpm_db_match@@YAXAEBV?$FunctionCallbackInfo@VValue@v8@@@v8@@@Z 0000000180001a70 f   zkfp.obj
 0001:00000c30       ?zkfpm_db_merge@@YAXAEBV?$FunctionCallbackInfo@VValue@v8@@@v8@@@Z 0000000180001c30 f   zkfp.obj
 0001:00000ea0       ?zkfpm_db_add@@YAXAEBV?$FunctionCallbackInfo@VValue@v8@@@v8@@@Z 0000000180001ea0 f   zkfp.obj
 0001:00001080       ?zkfpm_db_identify@@YAXAEBV?$FunctionCallbackInfo@VValue@v8@@@v8@@@Z 0000000180002080 f   zkfp.obj
 0001:00001280       ?zkfpm_db_del@@YAXAEBV?$FunctionCallbackInfo@VValue@v8@@@v8@@@Z 0000000180002280 f   zkfp.obj
 0001:000013a0       ?Initialize@@YAXV?$Local@VObject@v8@@@v8@@@Z 00000001800023a0 f   zkfp.obj
 0001:00001500       __security_check_cookie    0000000180002500 f   LIBCMT:amdsecgs.obj
 0001:00001524       ??_U@YAPEAX_K@Z            0000000180002524 f   LIBCMT:new_array.obj
 0001:0000185c       _DllMainCRTStartup         000000018000285c f   LIBCMT:dll_dllmain.obj
 0001:0000189c       __raise_securityfailure    000000018000289c f   LIBCMT:gs_report.obj
 0001:000018d0       __report_gsfailure         00000001800028d0 f   LIBCMT:gs_report.obj
 0001:000019a4       __report_rangecheckfailure 00000001800029a4 f   LIBCMT:gs_report.obj
 0001:000019b8       __report_securityfailure   00000001800029b8 f   LIBCMT:gs_report.obj
 0001:00001b38       ??2@YAPEAX_K@Z             0000000180002b38 f   LIBCMT:new_scalar.obj
 0001:00001b74       __security_init_cookie     0000000180002b74 f   LIBCMT:gs_support.obj
 0001:00001c20       _get_startup_argv_mode     0000000180002c20 f   LIBCMT:argv_mode.obj
 0001:00001c20       DllMain                    0000000180002c20 f   LIBCMT:dll_dllmain_stub.obj
 0001:00001c28       ?__scrt_initialize_type_info@@YAXXZ 0000000180002c28 f   LIBCMT:tncleanup.obj
 0001:00001c38       ?__scrt_uninitialize_type_info@@YAXXZ 0000000180002c38 f   LIBCMT:tncleanup.obj
 0001:00001c44       __local_stdio_printf_options 0000000180002c44 f i LIBCMT:default_local_stdio_options.obj
 0001:00001c4c       __local_stdio_scanf_options 0000000180002c4c f i LIBCMT:default_local_stdio_options.obj
 0001:00001c54       __scrt_initialize_default_local_stdio_options 0000000180002c54 f   LIBCMT:default_local_stdio_options.obj
 0001:00001c70       __scrt_acquire_startup_lock 0000000180002c70 f   LIBCMT:utility.obj
 0001:00001cac       __scrt_dllmain_after_initialize_c 0000000180002cac f   LIBCMT:utility.obj
 0001:00001ce0       __scrt_dllmain_before_initialize_c 0000000180002ce0 f   LIBCMT:utility.obj
 0001:00001cf8       __scrt_dllmain_crt_thread_attach 0000000180002cf8 f   LIBCMT:utility.obj
 0001:00001d20       __scrt_dllmain_crt_thread_detach 0000000180002d20 f   LIBCMT:utility.obj
 0001:00001d38       __scrt_dllmain_exception_filter 0000000180002d38 f   LIBCMT:utility.obj
 0001:00001d98       __scrt_dllmain_uninitialize_c 0000000180002d98 f   LIBCMT:utility.obj
 0001:00001dc8       __scrt_dllmain_uninitialize_critical 0000000180002dc8 f   LIBCMT:utility.obj
 0001:00001ddc       __scrt_initialize_crt      0000000180002ddc f   LIBCMT:utility.obj
 0001:00001e28       __scrt_initialize_onexit_tables 0000000180002e28 f   LIBCMT:utility.obj
 0001:00001f00       __scrt_is_nonwritable_in_current_image 0000000180002f00 f   LIBCMT:utility.obj
 0001:00001f9c       __scrt_release_startup_lock 0000000180002f9c f   LIBCMT:utility.obj
 0001:00001fc0       __scrt_uninitialize_crt    0000000180002fc0 f   LIBCMT:utility.obj
 0001:00001fec       __scrt_get_dyn_tls_init_callback 0000000180002fec f   LIBCMT:dyn_tls_init.obj
 0001:00001ff4       __crt_debugger_hook        0000000180002ff4 f   LIBCMT:utility_desktop.obj
 0001:00001ffc       __scrt_fastfail            0000000180002ffc f   LIBCMT:utility_desktop.obj
 0001:00002148       _RTC_Initialize            0000000180003148 f   LIBCMT:initsect.obj
 0001:00002184       _RTC_Terminate             0000000180003184 f   LIBCMT:initsect.obj
 0001:000021c0       _guard_check_icall_nop     00000001800031c0 f i LIBCMT:guard_support.obj
 0001:000021c4       ??0bad_alloc@std@@QEAA@AEBV01@@Z 00000001800031c4 f i LIBCMT:throw_bad_alloc.obj
 0001:00002204       ??0bad_alloc@std@@QEAA@XZ  0000000180003204 f i LIBCMT:throw_bad_alloc.obj
 0001:00002224       ??0bad_array_new_length@std@@QEAA@AEBV01@@Z 0000000180003224 f i LIBCMT:throw_bad_alloc.obj
 0001:00002264       ??0bad_array_new_length@std@@QEAA@XZ 0000000180003264 f i LIBCMT:throw_bad_alloc.obj
 0001:00002284       ??0exception@std@@QEAA@AEBV01@@Z 0000000180003284 f i LIBCMT:throw_bad_alloc.obj
 0001:000022bc       ??1bad_array_new_length@std@@UEAA@XZ 00000001800032bc f i LIBCMT:throw_bad_alloc.obj
 0001:000022bc       ??1bad_alloc@std@@UEAA@XZ  00000001800032bc f i LIBCMT:throw_bad_alloc.obj
 0001:000022d0       ??_Gexception@std@@UEAAPEAXI@Z 00000001800032d0 f i LIBCMT:throw_bad_alloc.obj
 0001:000022d0       ??_Gbad_array_new_length@std@@UEAAPEAXI@Z 00000001800032d0 f i LIBCMT:throw_bad_alloc.obj
 0001:000022d0       ??_Eexception@std@@UEAAPEAXI@Z 00000001800032d0 f i LIBCMT:throw_bad_alloc.obj
 0001:000022d0       ??_Gbad_alloc@std@@UEAAPEAXI@Z 00000001800032d0 f i LIBCMT:throw_bad_alloc.obj
 0001:000022d0       ??_Ebad_alloc@std@@UEAAPEAXI@Z 00000001800032d0 f i LIBCMT:throw_bad_alloc.obj
 0001:000022d0       ??_Ebad_array_new_length@std@@UEAAPEAXI@Z 00000001800032d0 f i LIBCMT:throw_bad_alloc.obj
 0001:00002314       ?__scrt_throw_std_bad_alloc@@YAXXZ 0000000180003314 f   LIBCMT:throw_bad_alloc.obj
 0001:00002334       ?__scrt_throw_std_bad_array_new_length@@YAXXZ 0000000180003334 f   LIBCMT:throw_bad_alloc.obj
 0001:00002354       ?what@exception@std@@UEBAPEBDXZ 0000000180003354 f i LIBCMT:throw_bad_alloc.obj
 0001:00002368       __isa_available_init       0000000180003368 f   LIBCMT:cpu_disp.obj
 0001:00002524       __scrt_is_ucrt_dll_in_use  0000000180003524 f   LIBCMT:ucrt_detection.obj
 0001:00002530       ??3@YAXPEAX_K@Z            0000000180003530 f   LIBCMT:delete_scalar_size.obj
 0001:00002538       ??_Etype_info@@UEAAPEAXI@Z 0000000180003538 f i LIBCMT:std_type_info_static.obj
 0001:00002538       ??_Gtype_info@@UEAAPEAXI@Z 0000000180003538 f i LIBCMT:std_type_info_static.obj
 0001:00002564       ??3@YAXPEAX@Z              0000000180003564 f   LIBCMT:delete_scalar.obj
 0001:0000256c       __C_specific_handler       000000018000356c f   libvcruntime:riscchandler.obj
 0001:00002778       __std_type_info_destroy_list 0000000180003778 f   libvcruntime:std_type_info.obj
 0001:000027a4       __vcrt_initialize          00000001800037a4 f   libvcruntime:initialization.obj
 0001:000027d8       __vcrt_thread_attach       00000001800037d8 f   libvcruntime:initialization.obj
 0001:000027ec       __vcrt_thread_detach       00000001800037ec f   libvcruntime:initialization.obj
 0001:00002800       __vcrt_uninitialize        0000000180003800 f   libvcruntime:initialization.obj
 0001:00002820       __vcrt_uninitialize_critical 0000000180003820 f   libvcruntime:initialization.obj
 0001:00002840       memset_repmovs             0000000180003840 f   libvcruntime:memset.obj
 0001:00002860       memset                     0000000180003860 f   libvcruntime:memset.obj
 0001:000029f0       __std_exception_copy       00000001800039f0 f   libvcruntime:std_exception.obj
 0001:00002a80       __std_exception_destroy    0000000180003a80 f   libvcruntime:std_exception.obj
 0001:00002aa8       _CxxThrowException         0000000180003aa8 f   libvcruntime:throw.obj
 0001:00002b80       _NLG_Notify                0000000180003b80 f   libvcruntime:notify.obj
 0001:00002ba0       __NLG_Dispatch2            0000000180003ba0 f   libvcruntime:notify.obj
 0001:00002bb0       __NLG_Return2              0000000180003bb0 f   libvcruntime:notify.obj
 0001:00002bb4       __except_validate_context_record 0000000180003bb4 f   libvcruntime:jbcxrval.obj
 0001:00002bec       __DestructExceptionObject  0000000180003bec f   libvcruntime:ehhelpers.obj
 0001:00002c60       ?_CallMemberFunction0@@YAXQEAX0@Z 0000000180003c60 f i libvcruntime:ehhelpers.obj
 0001:00002c64       __vcrt_freefls             0000000180003c64 f   libvcruntime:per_thread_data.obj
 0001:00002c84       __vcrt_freeptd             0000000180003c84 f   libvcruntime:per_thread_data.obj
 0001:00002cd4       __vcrt_getptd_noexit       0000000180003cd4 f   libvcruntime:per_thread_data.obj
 0001:00002da0       __vcrt_initialize_ptd      0000000180003da0 f   libvcruntime:per_thread_data.obj
 0001:00002df4       __vcrt_uninitialize_ptd    0000000180003df4 f   libvcruntime:per_thread_data.obj
 0001:00002e18       __vcrt_initialize_locks    0000000180003e18 f   libvcruntime:locks.obj
 0001:00002e60       __vcrt_uninitialize_locks  0000000180003e60 f   libvcruntime:locks.obj
 0001:00003070       __vcrt_FlsAlloc            0000000180004070 f   libvcruntime:winapi_downlevel.obj
 0001:000030b8       __vcrt_FlsFree             00000001800040b8 f   libvcruntime:winapi_downlevel.obj
 0001:00003100       __vcrt_FlsGetValue         0000000180004100 f   libvcruntime:winapi_downlevel.obj
 0001:00003148       __vcrt_FlsSetValue         0000000180004148 f   libvcruntime:winapi_downlevel.obj
 0001:0000319c       __vcrt_InitializeCriticalSectionEx 000000018000419c f   libvcruntime:winapi_downlevel.obj
 0001:00003200       __vcrt_initialize_winapi_thunks 0000000180004200 f   libvcruntime:winapi_downlevel.obj
 0001:00003230       __vcrt_uninitialize_winapi_thunks 0000000180004230 f   libvcruntime:winapi_downlevel.obj
 0001:00003270       __vcrt_initialize_pure_virtual_call_handler 0000000180004270 f   libvcruntime:purevirt_data.obj
 0001:00003290       memcpy_repmovs             0000000180004290 f   libvcruntime:memcpy.obj
 0001:000032b0       memmove                    00000001800042b0 f   libvcruntime:memcpy.obj
 0001:000032b0       memcpy                     00000001800042b0 f   libvcruntime:memcpy.obj
 0001:00003700       _CallSettingFrame          0000000180004700 f   libvcruntime:handlers.obj
 0001:00003750       _CallSettingFrameEncoded   0000000180004750 f   libvcruntime:handlers.obj
 0001:00003798       ??0_LocaleUpdate@@QEAA@QEAU__crt_locale_pointers@@@Z 0000000180004798 f i libucrt:stricmp.obj
 0001:00003834       _initterm                  0000000180004834 f   libucrt:initterm.obj
 0001:00003898       _initterm_e                0000000180004898 f   libucrt:initterm.obj
 0001:000038d8       __acrt_initialize_new_handler 00000001800048d8 f   libucrt:new_handler.obj
 0001:000038e0       _callnewh                  00000001800048e0 f   libucrt:new_handler.obj
 0001:00003910       _query_new_handler         0000000180004910 f   libucrt:new_handler.obj
 0001:00003944       malloc                     0000000180004944 f   libucrt:malloc.obj
 0001:0000394c       _seh_filter_dll            000000018000494c f   libucrt:exception_filter.obj
 0001:00003960       _seh_filter_exe            0000000180004960 f   libucrt:exception_filter.obj
 0001:00003d50       __acrt_initialize_thread_local_exit_callback 0000000180004d50 f   libucrt:exit.obj
 0001:00003d58       _cexit                     0000000180004d58 f   libucrt:exit.obj
 0001:00003d68       _exit                      0000000180004d68 f   libucrt:exit.obj
 0001:00003d74       _is_c_termination_complete 0000000180004d74 f   libucrt:exit.obj
 0001:00003f40       __acrt_allocate_buffer_for_argv 0000000180004f40 f   libucrt:argv_parsing.obj
 0001:00003fa0       _configure_narrow_argv     0000000180004fa0 f   libucrt:argv_parsing.obj
 0001:00004318       __dcrt_uninitialize_environments_nolock 0000000180005318 f   libucrt:environment_initialization.obj
 0001:00004350       _initialize_narrow_environment 0000000180005350 f   libucrt:environment_initialization.obj
 0001:000044ac       _execute_onexit_table      00000001800054ac f   libucrt:onexit.obj
 0001:000044e8       _initialize_onexit_table   00000001800054e8 f   libucrt:onexit.obj
 0001:00004548       __acrt_uninitialize_command_line 0000000180005548 f   libucrt:argv_data.obj
 0001:00004640       __acrt_initialize          0000000180005640 f   libucrt:initialization.obj
 0001:00004654       __acrt_thread_attach       0000000180005654 f   libucrt:initialization.obj
 0001:00004668       __acrt_thread_detach       0000000180005668 f   libucrt:initialization.obj
 0001:00004678       __acrt_uninitialize        0000000180005678 f   libucrt:initialization.obj
 0001:000046b0       __acrt_uninitialize_critical 00000001800056b0 f   libucrt:initialization.obj
 0001:000046c0       terminate                  00000001800056c0 f   libucrt:terminate.obj
 0001:000046e0       free                       00000001800056e0 f   libucrt:free.obj
 0001:000046f4       strcpy_s                   00000001800056f4 f   libucrt:strcpy_s.obj
 0001:00004770       strncmp                    0000000180005770 f   libucrt:strncmp.obj
 0001:000047f0       abort                      00000001800057f0 f   libucrt:abort.obj
 0001:00004848       calloc                     0000000180005848 f   libucrt:calloc.obj
 0001:00004850       wcsncmp                    0000000180005850 f   libucrt:wcsncmp.obj
 0001:0000487c       __acrt_call_reportfault    000000018000587c f   libucrt:invalid_parameter.obj
 0001:000049d8       __acrt_initialize_invalid_parameter_handler 00000001800059d8 f   libucrt:invalid_parameter.obj
 0001:000049e0       _invalid_parameter         00000001800059e0 f   libucrt:invalid_parameter.obj
 0001:00004a90       _invalid_parameter_noinfo  0000000180005a90 f   libucrt:invalid_parameter.obj
 0001:00004ab0       _invoke_watson             0000000180005ab0 f   libucrt:invalid_parameter.obj
 0001:00004af8       __acrt_errno_from_os_error 0000000180005af8 f   libucrt:errno.obj
 0001:00004b40       __acrt_errno_map_os_error  0000000180005b40 f   libucrt:errno.obj
 0001:00004b90       __doserrno                 0000000180005b90 f   libucrt:errno.obj
 0001:00004bb0       _errno                     0000000180005bb0 f   libucrt:errno.obj
 0001:00004f48       __acrt_freeptd             0000000180005f48 f   libucrt:per_thread_data.obj
 0001:00004f8c       __acrt_getptd              0000000180005f8c f   libucrt:per_thread_data.obj
 0001:00005060       __acrt_getptd_head         0000000180006060 f   libucrt:per_thread_data.obj
 0001:00005108       __acrt_getptd_noexit       0000000180006108 f   libucrt:per_thread_data.obj
 0001:000051d4       __acrt_initialize_ptd      00000001800061d4 f   libucrt:per_thread_data.obj
 0001:00005210       __acrt_uninitialize_ptd    0000000180006210 f   libucrt:per_thread_data.obj
 0001:00005234       __acrt_update_locale_info  0000000180006234 f   libucrt:locale_update.obj
 0001:00005268       __acrt_update_multibyte_info 0000000180006268 f   libucrt:locale_update.obj
 0001:0000530c       __acrt_set_locale_changed  000000018000630c f   libucrt:wsetlocale.obj
 0001:00005318       __acrt_uninitialize_locale 0000000180006318 f   libucrt:wsetlocale.obj
 0001:00005348       __acrt_initialize_locks    0000000180006348 f   libucrt:locks.obj
 0001:00005390       __acrt_lock                0000000180006390 f   libucrt:locks.obj
 0001:000053ac       __acrt_uninitialize_locks  00000001800063ac f   libucrt:locks.obj
 0001:000053e4       __acrt_unlock              00000001800063e4 f   libucrt:locks.obj
 0001:00005400       _malloc_base               0000000180006400 f   libucrt:malloc_base.obj
 0001:00005460       __acrt_get_process_end_policy 0000000180006460 f   libucrt:win_policies.obj
 0001:0000549c       _calloc_base               000000018000649c f   libucrt:calloc_base.obj
 0001:00005514       _free_base                 0000000180006514 f   libucrt:free_base.obj
 0001:00005568       ??$__acrt_mbs_to_wcs_cp@U__crt_win32_buffer_internal_dynamic_resizing@@@@YAHQEBDAEAV?$__crt_win32_buffer@_WU__crt_win32_buffer_internal_dynamic_resizing@@@@I@Z 0000000180006568 f i libucrt:argv_wildcards.obj
 0001:000056e0       ??$__acrt_wcs_to_mbs_cp@U__crt_win32_buffer_internal_dynamic_resizing@@@@YAHQEB_WAEAV?$__crt_win32_buffer@DU__crt_win32_buffer_internal_dynamic_resizing@@@@I@Z 00000001800066e0 f i libucrt:argv_wildcards.obj
 0001:00005f10       __acrt_expand_narrow_argv_wildcards 0000000180006f10 f   libucrt:argv_wildcards.obj
 0001:00005f18       ??$__acrt_wcs_to_mbs_cp@U__crt_win32_buffer_no_resizing@@@@YAHQEB_WAEAV?$__crt_win32_buffer@DU__crt_win32_buffer_no_resizing@@@@I@Z 0000000180006f18 f i libucrt:getmodulefilenamea.obj
 0001:0000602c       __acrt_GetModuleFileNameA  000000018000702c f   libucrt:getmodulefilenamea.obj
 0001:00006878       __acrt_initialize_multibyte 0000000180007878 f   libucrt:mbctype.obj
 0001:000068d8       __acrt_update_thread_multibyte_data 00000001800078d8 f   libucrt:mbctype.obj
 0001:000068f4       _setmbcp_nolock            00000001800078f4 f   libucrt:mbctype.obj
 0001:00006c28       _ismbblead                 0000000180007c28 f   libucrt:ismbbyte.obj
 0001:00006c3c       __acrt_initialize_command_line 0000000180007c3c f   libucrt:argv_data.obj
 0001:00006c64       __acrt_MultiByteToWideChar 0000000180007c64 f   libucrt:multibytetowidechar.obj
 0001:00006cc0       __acrt_WideCharToMultiByte 0000000180007cc0 f   libucrt:widechartomultibyte.obj
 0001:00006d58       __dcrt_get_narrow_environment_from_os 0000000180007d58 f   libucrt:get_environment_from_os.obj
 0001:00006e5c       _recalloc_base             0000000180007e5c f   libucrt:recalloc.obj
 0001:000070cc       __acrt_AppPolicyGetProcessTerminationMethodInternal 00000001800080cc f   libucrt:winapi_thunks.obj
 0001:0000711c       __acrt_AreFileApisANSI     000000018000811c f   libucrt:winapi_thunks.obj
 0001:00007158       __acrt_FlsAlloc            0000000180008158 f   libucrt:winapi_thunks.obj
 0001:000071a0       __acrt_FlsFree             00000001800081a0 f   libucrt:winapi_thunks.obj
 0001:000071e8       __acrt_FlsGetValue         00000001800081e8 f   libucrt:winapi_thunks.obj
 0001:00007230       __acrt_FlsSetValue         0000000180008230 f   libucrt:winapi_thunks.obj
 0001:00007284       __acrt_InitializeCriticalSectionEx 0000000180008284 f   libucrt:winapi_thunks.obj
 0001:000072e8       __acrt_LCMapStringEx       00000001800082e8 f   libucrt:winapi_thunks.obj
 0001:000073c4       __acrt_LocaleNameToLCID    00000001800083c4 f   libucrt:winapi_thunks.obj
 0001:00007414       __acrt_initialize_winapi_thunks 0000000180008414 f   libucrt:winapi_thunks.obj
 0001:00007448       __acrt_uninitialize_winapi_thunks 0000000180008448 f   libucrt:winapi_thunks.obj
 0001:0000748c       __acrt_initialize_heap     000000018000848c f   libucrt:heap_handle.obj
 0001:000074a8       __acrt_uninitialize_heap   00000001800084a8 f   libucrt:heap_handle.obj
 0001:000076b0       __acrt_initialize_lowio    00000001800086b0 f   libucrt:ioinit.obj
 0001:000076ec       __acrt_uninitialize_lowio  00000001800086ec f   libucrt:ioinit.obj
 0001:0000772c       __acrt_execute_initializers 000000018000872c f   libucrt:shared_initialization.obj
 0001:000077ac       __acrt_execute_uninitializers 00000001800087ac f   libucrt:shared_initialization.obj
 0001:00007830       __acrt_get_sigabrt_handler 0000000180008830 f   libucrt:signal.obj
 0001:00007860       __acrt_initialize_signal_handlers 0000000180008860 f   libucrt:signal.obj
 0001:00007880       raise                      0000000180008880 f   libucrt:signal.obj
 0001:00007aec       __acrt_has_user_matherr    0000000180008aec f   libucrt:matherr.obj
 0001:00007b0c       __acrt_initialize_user_matherr 0000000180008b0c f   libucrt:matherr.obj
 0001:00007b14       __acrt_invoke_user_matherr 0000000180008b14 f   libucrt:matherr.obj
 0001:00007d20       __acrt_stdio_flush_nolock  0000000180008d20 f   libucrt:fflush.obj
 0001:00007d9c       _fflush_nolock             0000000180008d9c f   libucrt:fflush.obj
 0001:00007de8       _flushall                  0000000180008de8 f   libucrt:fflush.obj
 0001:00007df0       __acrt_initialize_stdio    0000000180008df0 f   libucrt:_file.obj
 0001:00007f10       __acrt_uninitialize_stdio  0000000180008f10 f   libucrt:_file.obj
 0001:00007f6c       _lock_file                 0000000180008f6c f   libucrt:_file.obj
 0001:00007f78       _unlock_file               0000000180008f78 f   libucrt:_file.obj
 0001:00007f84       _mbtowc_l                  0000000180008f84 f   libucrt:mbtowc.obj
 0001:00008100       mbtowc                     0000000180009100 f   libucrt:mbtowc.obj
 0001:00008108       _fileno                    0000000180009108 f   libucrt:fileno.obj
 0001:00008130       __pctype_func              0000000180009130 f   libucrt:ctype.obj
 0001:00008160       _isleadbyte_l              0000000180009160 f i libucrt:_wctype.obj
 0001:000084c4       __acrt_LCMapStringA        00000001800094c4 f   libucrt:lcmapstringa.obj
 0001:0000855c       __acrt_add_locale_ref      000000018000955c f   libucrt:locale_refcounting.obj
 0001:000085e8       __acrt_free_locale         00000001800095e8 f   libucrt:locale_refcounting.obj
 0001:00008760       __acrt_locale_add_lc_time_reference 0000000180009760 f   libucrt:locale_refcounting.obj
 0001:00008788       __acrt_locale_free_lc_time_if_unreferenced 0000000180009788 f   libucrt:locale_refcounting.obj
 0001:000087c0       __acrt_locale_release_lc_time_reference 00000001800097c0 f   libucrt:locale_refcounting.obj
 0001:000087e8       __acrt_release_locale_ref  00000001800097e8 f   libucrt:locale_refcounting.obj
 0001:00008890       __acrt_update_thread_locale_data 0000000180009890 f   libucrt:locale_refcounting.obj
 0001:00008900       _updatetlocinfoEx_nolock   0000000180009900 f   libucrt:locale_refcounting.obj
 0001:00008968       __acrt_locale_free_monetary 0000000180009968 f   libucrt:initmon.obj
 0001:00008a74       __acrt_locale_free_numeric 0000000180009a74 f   libucrt:initnum.obj
 0001:00008b38       __acrt_locale_free_time    0000000180009b38 f   libucrt:inittime.obj
 0001:00008c40       __acrt_GetStringTypeA      0000000180009c40 f   libucrt:getstringtypea.obj
 0001:00008dd0       _query_new_mode            0000000180009dd0 f   libucrt:new_mode.obj
 0001:00008de0       qsort                      0000000180009de0 f   libucrt:qsort.obj
 0001:000091a0       strncpy_s                  000000018000a1a0 f   libucrt:strncpy_s.obj
 0001:00009320       strpbrk                    000000018000a320 f   libucrt:strpbrk.obj
 0001:00009700       _mbsdec                    000000018000a700 f   libucrt:mbsdec.obj
 0001:00009708       _mbsdec_l                  000000018000a708 f   libucrt:mbsdec.obj
 0001:000097b4       _msize_base                000000018000a7b4 f   libucrt:msize.obj
 0001:000097f0       _realloc_base              000000018000a7f0 f   libucrt:realloc_base.obj
 0001:00009954       __acrt_DownlevelLocaleNameToLCID 000000018000a954 f   libucrt:lcidtoname_downlevel.obj
 0001:00009988       __acrt_lowio_create_handle_array 000000018000a988 f   libucrt:osfinfo.obj
 0001:00009a30       __acrt_lowio_destroy_handle_array 000000018000aa30 f   libucrt:osfinfo.obj
 0001:00009a80       __acrt_lowio_ensure_fh_exists 000000018000aa80 f   libucrt:osfinfo.obj
 0001:00009b28       __acrt_lowio_lock_fh       000000018000ab28 f   libucrt:osfinfo.obj
 0001:00009b50       __acrt_lowio_unlock_fh     000000018000ab50 f   libucrt:osfinfo.obj
 0001:00009b78       _free_osfhnd               000000018000ab78 f   libucrt:osfinfo.obj
 0001:00009c34       _get_osfhandle             000000018000ac34 f   libucrt:osfinfo.obj
 0001:00009d38       _commit                    000000018000ad38 f   libucrt:commit.obj
 0001:0000a638       _write                     000000018000b638 f   libucrt:write.obj
 0001:0000a724       _write_nolock              000000018000b724 f   libucrt:write.obj
 0001:0000aa00       _fcloseall                 000000018000ba00 f   libucrt:closeall.obj
 0001:0000aab4       __acrt_stdio_free_buffer_nolock 000000018000bab4 f   libucrt:_freebuf.obj
 0001:0000aaf4       _isatty                    000000018000baf4 f   libucrt:isatty.obj
 0001:0000ab54       ?__mbrtowc_utf8@__crt_mbstring@@YA_KPEA_WPEBD_KPEAU_Mbstatet@@@Z 000000018000bb54 f   libucrt:mbrtowc.obj
 0001:0000ab90       ?__mbsrtowcs_utf8@__crt_mbstring@@YA_KPEA_WPEAPEBD_KPEAU_Mbstatet@@@Z 000000018000bb90 f   libucrt:mbrtowc.obj
 0001:0000ad08       __strncnt                  000000018000bd08 f   libucrt:strncnt.obj
 0001:0000ad20       _query_app_type            000000018000bd20 f   libucrt:report_runtime_error.obj
 0001:0000adc4       _lseeki64_nolock           000000018000bdc4 f   libucrt:lseek.obj
 0001:0000adcc       _putwch_nolock             000000018000bdcc f   libucrt:putwch.obj
 0001:0000ae08       _fclose_nolock             000000018000be08 f   libucrt:fclose.obj
 0001:0000ae8c       fclose                     000000018000be8c f   libucrt:fclose.obj
 0001:0000aef0       ?__mbrtoc32_utf8@__crt_mbstring@@YA_KPEA_UPEBD_KPEAU_Mbstatet@@@Z 000000018000bef0 f   libucrt:mbrtoc32.obj
 0001:0000b0d0       log10                      000000018000c0d0 f   libucrt:log10.obj
 0001:0000b67c       __dcrt_lowio_ensure_console_output_initialized 000000018000c67c f   libucrt:initcon.obj
 0001:0000b6d0       __dcrt_terminate_console_output 000000018000c6d0 f   libucrt:initcon.obj
 0001:0000b6ec       __dcrt_write_console       000000018000c6ec f   libucrt:initcon.obj
 0001:0000b820       _close                     000000018000c820 f   libucrt:close.obj
 0001:0000b8c4       _close_nolock              000000018000c8c4 f   libucrt:close.obj
 0001:0000b984       ?__acrt_stdio_free_stream@@YAXV__crt_stdio_stream@@@Z 000000018000c984 f   libucrt:stream.obj
 0001:0000bac4       _handle_error              000000018000cac4 f   libucrt:libm_error.obj
 0001:0000bbf0       __acrt_initialize_fma3     000000018000cbf0 f   libucrt:fma3_available.obj
 0001:0000bc60       _log10_special             000000018000cc60 f   libucrt:log_special.obj
 0001:0000bd30       _get_fpsr                  000000018000cd30 f   libucrt:fpsr.obj
 0001:0000bd40       _set_fpsr                  000000018000cd40 f   libucrt:fpsr.obj
 0001:0000bd4a       _fclrf                     000000018000cd4a f   libucrt:fpsr.obj
 0001:0000bd5e       _frnd                      000000018000cd5e f   libucrt:fpsr.obj
 0001:0000bd80       _raise_exc                 000000018000cd80 f   libucrt:fpexcept.obj
 0001:0000bda8       _raise_exc_ex              000000018000cda8 f   libucrt:fpexcept.obj
 0001:0000c0b8       _set_errno_from_matherr    000000018000d0b8 f   libucrt:fpexcept.obj
 0001:0000c0e8       _clrfp                     000000018000d0e8 f   libucrt:fpctrl.obj
 0001:0000c108       _ctrlfp                    000000018000d108 f   libucrt:fpctrl.obj
 0001:0000c184       _set_statfp                000000018000d184 f   libucrt:fpctrl.obj
 0001:0000c1a4       _statfp                    000000018000d1a4 f   libucrt:fpctrl.obj
 0001:0000c1b5       IsProcessorFeaturePresent  000000018000d1b5 f   kernel32:KERNEL32.dll
 0001:0000c1c0       _FindPESection             000000018000d1c0 f   LIBCMT:pesect.obj
 0001:0000c210       _IsNonwritableInCurrentImage 000000018000d210 f   LIBCMT:pesect.obj
 0001:0000c260       _ValidateImageBase         000000018000d260 f   LIBCMT:pesect.obj
 0001:0000c290       __GSHandlerCheck           000000018000d290 f   LIBCMT:gshandler.obj
 0001:0000c2b0       __GSHandlerCheckCommon     000000018000d2b0 f   LIBCMT:gshandler.obj
 0001:0000c320       _alloca_probe              000000018000d320 f   LIBCMT:chkstk.obj
 0001:0000c320       __chkstk                   000000018000d320 f   LIBCMT:chkstk.obj
 0001:0000c390       memcmp                     000000018000d390 f   libvcruntime:memcmp.obj
 0001:0000c470       _guard_dispatch_icall_nop  000000018000d470 f   LIBCMT:guard_dispatch.obj
 0002:00000000       __imp_WriteConsoleW        000000018000e000     kernel32:KERNEL32.dll
 0002:00000008       __imp_CloseHandle          000000018000e008     kernel32:KERNEL32.dll
 0002:00000010       __imp_CreateFileW          000000018000e010     kernel32:KERNEL32.dll
 0002:00000018       __imp_SetFilePointerEx     000000018000e018     kernel32:KERNEL32.dll
 0002:00000020       __imp_GetConsoleMode       000000018000e020     kernel32:KERNEL32.dll
 0002:00000028       __imp_GetConsoleCP         000000018000e028     kernel32:KERNEL32.dll
 0002:00000030       __imp_WriteFile            000000018000e030     kernel32:KERNEL32.dll
 0002:00000038       __imp_FlushFileBuffers     000000018000e038     kernel32:KERNEL32.dll
 0002:00000040       __imp_SetStdHandle         000000018000e040     kernel32:KERNEL32.dll
 0002:00000048       __imp_HeapReAlloc          000000018000e048     kernel32:KERNEL32.dll
 0002:00000050       __imp_HeapSize             000000018000e050     kernel32:KERNEL32.dll
 0002:00000058       __imp_GetStringTypeW       000000018000e058     kernel32:KERNEL32.dll
 0002:00000060       __imp_GetFileType          000000018000e060     kernel32:KERNEL32.dll
 0002:00000068       __imp_GetStdHandle         000000018000e068     kernel32:KERNEL32.dll
 0002:00000070       __imp_GetProcessHeap       000000018000e070     kernel32:KERNEL32.dll
 0002:00000078       __imp_LCMapStringW         000000018000e078     kernel32:KERNEL32.dll
 0002:00000080       __imp_FreeEnvironmentStringsW 000000018000e080     kernel32:KERNEL32.dll
 0002:00000088       __imp_GetEnvironmentStringsW 000000018000e088     kernel32:KERNEL32.dll
 0002:00000090       __imp_WideCharToMultiByte  000000018000e090     kernel32:KERNEL32.dll
 0002:00000098       __imp_MultiByteToWideChar  000000018000e098     kernel32:KERNEL32.dll
 0002:000000a0       __imp_GetCommandLineW      000000018000e0a0     kernel32:KERNEL32.dll
 0002:000000a8       __imp_GetCommandLineA      000000018000e0a8     kernel32:KERNEL32.dll
 0002:000000b0       __imp_GetCPInfo            000000018000e0b0     kernel32:KERNEL32.dll
 0002:000000b8       __imp_RtlCaptureContext    000000018000e0b8     kernel32:KERNEL32.dll
 0002:000000c0       __imp_RtlLookupFunctionEntry 000000018000e0c0     kernel32:KERNEL32.dll
 0002:000000c8       __imp_RtlVirtualUnwind     000000018000e0c8     kernel32:KERNEL32.dll
 0002:000000d0       __imp_UnhandledExceptionFilter 000000018000e0d0     kernel32:KERNEL32.dll
 0002:000000d8       __imp_SetUnhandledExceptionFilter 000000018000e0d8     kernel32:KERNEL32.dll
 0002:000000e0       __imp_GetCurrentProcess    000000018000e0e0     kernel32:KERNEL32.dll
 0002:000000e8       __imp_TerminateProcess     000000018000e0e8     kernel32:KERNEL32.dll
 0002:000000f0       __imp_IsProcessorFeaturePresent 000000018000e0f0     kernel32:KERNEL32.dll
 0002:000000f8       __imp_QueryPerformanceCounter 000000018000e0f8     kernel32:KERNEL32.dll
 0002:00000100       __imp_GetCurrentProcessId  000000018000e100     kernel32:KERNEL32.dll
 0002:00000108       __imp_GetCurrentThreadId   000000018000e108     kernel32:KERNEL32.dll
 0002:00000110       __imp_GetSystemTimeAsFileTime 000000018000e110     kernel32:KERNEL32.dll
 0002:00000118       __imp_InitializeSListHead  000000018000e118     kernel32:KERNEL32.dll
 0002:00000120       __imp_IsDebuggerPresent    000000018000e120     kernel32:KERNEL32.dll
 0002:00000128       __imp_GetStartupInfoW      000000018000e128     kernel32:KERNEL32.dll
 0002:00000130       __imp_GetModuleHandleW     000000018000e130     kernel32:KERNEL32.dll
 0002:00000138       __imp_RtlUnwindEx          000000018000e138     kernel32:KERNEL32.dll
 0002:00000140       __imp_InterlockedFlushSList 000000018000e140     kernel32:KERNEL32.dll
 0002:00000148       __imp_RtlPcToFileHeader    000000018000e148     kernel32:KERNEL32.dll
 0002:00000150       __imp_RaiseException       000000018000e150     kernel32:KERNEL32.dll
 0002:00000158       __imp_GetLastError         000000018000e158     kernel32:KERNEL32.dll
 0002:00000160       __imp_SetLastError         000000018000e160     kernel32:KERNEL32.dll
 0002:00000168       __imp_EnterCriticalSection 000000018000e168     kernel32:KERNEL32.dll
 0002:00000170       __imp_LeaveCriticalSection 000000018000e170     kernel32:KERNEL32.dll
 0002:00000178       __imp_DeleteCriticalSection 000000018000e178     kernel32:KERNEL32.dll
 0002:00000180       __imp_InitializeCriticalSectionAndSpinCount 000000018000e180     kernel32:KERNEL32.dll
 0002:00000188       __imp_TlsAlloc             000000018000e188     kernel32:KERNEL32.dll
 0002:00000190       __imp_TlsGetValue          000000018000e190     kernel32:KERNEL32.dll
 0002:00000198       __imp_TlsSetValue          000000018000e198     kernel32:KERNEL32.dll
 0002:000001a0       __imp_TlsFree              000000018000e1a0     kernel32:KERNEL32.dll
 0002:000001a8       __imp_FreeLibrary          000000018000e1a8     kernel32:KERNEL32.dll
 0002:000001b0       __imp_GetProcAddress       000000018000e1b0     kernel32:KERNEL32.dll
 0002:000001b8       __imp_LoadLibraryExW       000000018000e1b8     kernel32:KERNEL32.dll
 0002:000001c0       __imp_ExitProcess          000000018000e1c0     kernel32:KERNEL32.dll
 0002:000001c8       __imp_GetModuleHandleExW   000000018000e1c8     kernel32:KERNEL32.dll
 0002:000001d0       __imp_GetModuleFileNameW   000000018000e1d0     kernel32:KERNEL32.dll
 0002:000001d8       __imp_HeapAlloc            000000018000e1d8     kernel32:KERNEL32.dll
 0002:000001e0       __imp_HeapFree             000000018000e1e0     kernel32:KERNEL32.dll
 0002:000001e8       __imp_FindClose            000000018000e1e8     kernel32:KERNEL32.dll
 0002:000001f0       __imp_FindFirstFileExW     000000018000e1f0     kernel32:KERNEL32.dll
 0002:000001f8       __imp_FindNextFileW        000000018000e1f8     kernel32:KERNEL32.dll
 0002:00000200       __imp_IsValidCodePage      000000018000e200     kernel32:KERNEL32.dll
 0002:00000208       __imp_GetACP               000000018000e208     kernel32:KERNEL32.dll
 0002:00000210       __imp_GetOEMCP             000000018000e210     kernel32:KERNEL32.dll
 0002:00000218       \177KERNEL32_NULL_THUNK_DATA 000000018000e218     kernel32:KERNEL32.dll
 0002:00000220       __imp_ZKFPM_Terminate      000000018000e220     libzkfp:libzkfp.dll
 0002:00000228       __imp_ZKFPM_GetParameters  000000018000e228     libzkfp:libzkfp.dll
 0002:00000230       __imp_ZKFPM_DBMerge        000000018000e230     libzkfp:libzkfp.dll
 0002:00000238       __imp_ZKFPM_DBDel          000000018000e238     libzkfp:libzkfp.dll
 0002:00000240       __imp_ZKFPM_AcquireFingerprint 000000018000e240     libzkfp:libzkfp.dll
 0002:00000248       __imp_ZKFPM_Init           000000018000e248     libzkfp:libzkfp.dll
 0002:00000250       __imp_ZKFPM_OpenDevice     000000018000e250     libzkfp:libzkfp.dll
 0002:00000258       __imp_ZKFPM_CloseDevice    000000018000e258     libzkfp:libzkfp.dll
 0002:00000260       __imp_ZKFPM_DBAdd          000000018000e260     libzkfp:libzkfp.dll
 0002:00000268       __imp_ZKFPM_DBMatch        000000018000e268     libzkfp:libzkfp.dll
 0002:00000270       __imp_ZKFPM_DBIdentify     000000018000e270     libzkfp:libzkfp.dll
 0002:00000278       __imp_ZKFPM_DBInit         000000018000e278     libzkfp:libzkfp.dll
 0002:00000280       __imp_ZKFPM_SetParameters  000000018000e280     libzkfp:libzkfp.dll
 0002:00000288       \177libzkfp_NULL_THUNK_DATA 000000018000e288     libzkfp:libzkfp.dll
 0002:00000290       __imp_?Data@Buffer@node@@YAPEADV?$Local@VObject@v8@@@v8@@@Z 000000018000e290     iojs:node.dll
 0002:00000298       __imp_?ToObject@Value@v8@@QEBA?AV?$Local@VObject@v8@@@2@XZ 000000018000e298     iojs:node.dll
 0002:000002a0       __imp_?SetName@Function@v8@@QEAAXV?$Local@VString@v8@@@2@@Z 000000018000e2a0     iojs:node.dll
 0002:000002a8       __imp_?Set@Object@v8@@QEAA_NV?$Local@VValue@v8@@@2@0@Z 000000018000e2a8     iojs:node.dll
 0002:000002b0       __imp_?New@Object@v8@@SA?AV?$Local@VObject@v8@@@2@PEAVIsolate@2@@Z 000000018000e2b0     iojs:node.dll
 0002:000002b8       __imp_?Value@Number@v8@@QEBANXZ 000000018000e2b8     iojs:node.dll
 0002:000002c0       __imp_?New@Number@v8@@SA?AV?$Local@VNumber@v8@@@2@PEAVIsolate@2@N@Z 000000018000e2c0     iojs:node.dll
 0002:000002c8       __imp_?NewFromUtf8@String@v8@@SA?AV?$MaybeLocal@VString@v8@@@2@PEAVIsolate@2@PEBDW4NewStringType@2@H@Z 000000018000e2c8     iojs:node.dll
 0002:000002d0       __imp_?NewFromUtf8@String@v8@@SA?AV?$Local@VString@v8@@@2@PEAVIsolate@2@PEBDW4NewStringType@12@H@Z 000000018000e2d0     iojs:node.dll
 0002:000002d8       __imp_?ToLocalEmpty@V8@v8@@CAXXZ 000000018000e2d8     iojs:node.dll
 0002:000002e0       __imp_?New@ArrayBuffer@v8@@SA?AV?$Local@VArrayBuffer@v8@@@2@PEAVIsolate@2@PEAX_KW4ArrayBufferCreationMode@2@@Z 000000018000e2e0     iojs:node.dll
 0002:000002e8       __imp_?New@FunctionTemplate@v8@@SA?AV?$Local@VFunctionTemplate@v8@@@2@PEAVIsolate@2@P6AXAEBV?$FunctionCallbackInfo@VValue@v8@@@2@@ZV?$Local@VValue@v8@@@2@V?$Local@VSignature@v8@@@2@HW4ConstructorBehavior@2@@Z 000000018000e2e8     iojs:node.dll
 0002:000002f0       __imp_?GetFunction@FunctionTemplate@v8@@QEAA?AV?$Local@VFunction@v8@@@2@XZ 000000018000e2f0     iojs:node.dll
 0002:000002f8       __imp_?TypeError@Exception@v8@@SA?AV?$Local@VValue@v8@@@2@V?$Local@VString@v8@@@2@@Z 000000018000e2f8     iojs:node.dll
 0002:00000300       __imp_??0HandleScope@v8@@QEAA@PEAVIsolate@1@@Z 000000018000e300     iojs:node.dll
 0002:00000308       __imp_??1HandleScope@v8@@QEAA@XZ 000000018000e308     iojs:node.dll
 0002:00000310       __imp_?GetCurrent@Isolate@v8@@SAPEAV12@XZ 000000018000e310     iojs:node.dll
 0002:00000318       __imp_?ThrowException@Isolate@v8@@QEAA?AV?$Local@VValue@v8@@@2@V32@@Z 000000018000e318     iojs:node.dll
 0002:00000320       __imp_node_module_register 000000018000e320     iojs:node.dll
 0002:00000328       \177node_NULL_THUNK_DATA   000000018000e328     iojs:node.dll
 0002:00000330       __guard_check_icall_fptr   000000018000e330     LIBCMT:guard_support.obj
 0002:00000338       __guard_dispatch_icall_fptr 000000018000e338     LIBCMT:guard_support.obj
 0002:00000340       __xc_a                     000000018000e340     LIBCMT:initializers.obj
 0002:00000348       _register_zkfp_            000000018000e348     zkfp.obj
 0002:00000350       __xc_z                     000000018000e350     LIBCMT:initializers.obj
 0002:00000358       __xi_a                     000000018000e358     LIBCMT:initializers.obj
 0002:00000360       __acrt_multibyte_initializer 000000018000e360     libucrt:multibyte_initializer.obj
 0002:00000368       __acrt_stdio_initializer   000000018000e368     libucrt:stdio_initializer.obj
 0002:00000370       __acrt_tran_fma3_initializer 000000018000e370     libucrt:fma3_initializer.obj
 0002:00000378       __xi_z                     000000018000e378     LIBCMT:initializers.obj
 0002:00000380       __xp_a                     000000018000e380     LIBCMT:initializers.obj
 0002:00000388       __acrt_locale_terminator   000000018000e388     libucrt:locale_initializer.obj
 0002:00000390       __dcrt_console_output_terminator 000000018000e390     libucrt:console_output_initializer.obj
 0002:00000398       __acrt_stdio_terminator    000000018000e398     libucrt:stdio_initializer.obj
 0002:000003a0       __xp_z                     000000018000e3a0     LIBCMT:initializers.obj
 0002:000003a8       __xt_a                     000000018000e3a8     LIBCMT:initializers.obj
 0002:000003b0       __xt_z                     000000018000e3b0     LIBCMT:initializers.obj
 0002:000003c0       _pDefaultRawDllMain        000000018000e3c0     LIBCMT:dll_dllmain.obj
 0002:000003c0       _pRawDllMain               000000018000e3c0     LIBCMT:dll_dllmain.obj
 0002:000003e0       ??_7exception@std@@6B@     000000018000e3e0     LIBCMT:throw_bad_alloc.obj
 0002:000003f0       ??_C@_0BC@EOODALEL@Unknown?5exception@ 000000018000e3f0     LIBCMT:throw_bad_alloc.obj
 0002:00000410       ??_7bad_alloc@std@@6B@     000000018000e410     LIBCMT:throw_bad_alloc.obj
 0002:00000420       ??_C@_0P@GHFPNOJB@bad?5allocation@ 000000018000e420     LIBCMT:throw_bad_alloc.obj
 0002:00000438       ??_7bad_array_new_length@std@@6B@ 000000018000e438     LIBCMT:throw_bad_alloc.obj
 0002:00000448       ??_C@_0BF@KINCDENJ@bad?5array?5new?5length@ 000000018000e448     LIBCMT:throw_bad_alloc.obj
 0002:00000468       ??_7type_info@@6B@         000000018000e468     LIBCMT:std_type_info_static.obj
 0002:000004b0       _pDestructExceptionObject  000000018000e4b0     libvcruntime:ehhelpers.obj
 0002:000007f8       ??_C@_08EHJDFFNH@__based?$CI@ 000000018000e7f8     libvcruntime:undname.obj
 0002:00000808       ??_C@_07KOLFKCDI@__cdecl@  000000018000e808     libvcruntime:undname.obj
 0002:00000810       ??_C@_08GHMPAG@__pascal@   000000018000e810     libvcruntime:undname.obj
 0002:00000820       ??_C@_09IFJBGAPI@__stdcall@ 000000018000e820     libvcruntime:undname.obj
 0002:00000830       ??_C@_0L@NPHFGOKO@__thiscall@ 000000018000e830     libvcruntime:undname.obj
 0002:00000840       ??_C@_0L@JMKHOMEK@__fastcall@ 000000018000e840     libvcruntime:undname.obj
 0002:00000850       ??_C@_0N@BCKKPABJ@__vectorcall@ 000000018000e850     libvcruntime:undname.obj
 0002:00000860       ??_C@_09HIJEGCPM@__clrcall@ 000000018000e860     libvcruntime:undname.obj
 0002:0000086c       ??_C@_06GHPCKEAG@__eabi@   000000018000e86c     libvcruntime:undname.obj
 0002:00000878       ??_C@_09IOPIDJLG@__swift_1@ 000000018000e878     libvcruntime:undname.obj
 0002:00000888       ??_C@_09KFNFGKHF@__swift_2@ 000000018000e888     libvcruntime:undname.obj
 0002:00000898       ??_C@_07JOMMBBKO@__ptr64@  000000018000e898     libvcruntime:undname.obj
 0002:000008a0       ??_C@_0L@PILCLIHE@__restrict@ 000000018000e8a0     libvcruntime:undname.obj
 0002:000008b0       ??_C@_0M@GFIIJFMG@__unaligned@ 000000018000e8b0     libvcruntime:undname.obj
 0002:000008c0       ??_C@_09DHDLOLLB@restrict?$CI@ 000000018000e8c0     libvcruntime:undname.obj
 0002:000008ca       ??_C@_00CNPNBAHC@@         000000018000e8ca     libvcruntime:undname.obj
 0002:000008cc       ??_C@_04NIHEBCM@?5new@     000000018000e8cc     libvcruntime:undname.obj
 0002:000008d8       ??_C@_07FPCDHGMM@?5delete@ 000000018000e8d8     libvcruntime:undname.obj
 0002:000008e0       ??_C@_01NEMOKFLO@?$DN@     000000018000e8e0     libvcruntime:undname.obj
 0002:000008e4       ??_C@_02GPIOPFAK@?$DO?$DO@ 000000018000e8e4     libvcruntime:undname.obj
 0002:000008e8       ??_C@_02FODMEDOG@?$DM?$DM@ 000000018000e8e8     libvcruntime:undname.obj
 0002:000008ec       ??_C@_01DCLJPIOD@?$CB@     000000018000e8ec     libvcruntime:undname.obj
 0002:000008f0       ??_C@_02EGOFBIJA@?$DN?$DN@ 000000018000e8f0     libvcruntime:undname.obj
 0002:000008f4       ??_C@_02FDNJECIE@?$CB?$DN@ 000000018000e8f4     libvcruntime:undname.obj
 0002:000008f8       ??_C@_02GPECMEKF@?$FL?$FN@ 000000018000e8f8     libvcruntime:undname.obj
 0002:00000900       ??_C@_08LHJFAFGD@operator@ 000000018000e900     libvcruntime:undname.obj
 0002:0000090c       ??_C@_02HBOOOICD@?9?$DO@   000000018000e90c     libvcruntime:undname.obj
 0002:00000910       ??_C@_01NBENCBCI@?$CK@     000000018000e910     libvcruntime:undname.obj
 0002:00000914       ??_C@_02ECNGHCIF@?$CL?$CL@ 000000018000e914     libvcruntime:undname.obj
 0002:00000918       ??_C@_02BAABKJLB@?9?9@     000000018000e918     libvcruntime:undname.obj
 0002:0000091c       ??_C@_01JOAMLHOP@?9@       000000018000e91c     libvcruntime:undname.obj
 0002:00000920       ??_C@_01MIFGBAGJ@?$CL@     000000018000e920     libvcruntime:undname.obj
 0002:00000924       ??_C@_01HNPIGOCE@?$CG@     000000018000e924     libvcruntime:undname.obj
 0002:00000928       ??_C@_03MNHNFDLC@?9?$DO?$CK@ 000000018000e928     libvcruntime:undname.obj
 0002:0000092c       ??_C@_01KMDKNFGN@?1@       000000018000e92c     libvcruntime:undname.obj
 0002:00000930       ??_C@_01FGNFDNOH@?$CF@     000000018000e930     libvcruntime:undname.obj
 0002:00000934       ??_C@_01MNNFJEPP@?$DM@     000000018000e934     libvcruntime:undname.obj
 0002:00000938       ??_C@_02EHCHHCKH@?$DM?$DN@ 000000018000e938     libvcruntime:undname.obj
 0002:0000093c       ??_C@_01PPODPGHN@?$DO@     000000018000e93c     libvcruntime:undname.obj
 0002:00000940       ??_C@_02EEKDKGMJ@?$DO?$DN@ 000000018000e940     libvcruntime:undname.obj
 0002:00000944       ??_C@_01IHBHIGKO@?0@       000000018000e944     libvcruntime:undname.obj
 0002:00000948       ??_C@_02HCKGKOFO@?$CI?$CJ@ 000000018000e948     libvcruntime:undname.obj
 0002:0000094c       ??_C@_01PJKLJHI@?$HO@      000000018000e94c     libvcruntime:undname.obj
 0002:00000950       ??_C@_01JKBOJNNK@?$FO@     000000018000e950     libvcruntime:undname.obj
 0002:00000954       ??_C@_01DNKMNLPK@?$HM@     000000018000e954     libvcruntime:undname.obj
 0002:00000958       ??_C@_02PPKAJPJL@?$CG?$CG@ 000000018000e958     libvcruntime:undname.obj
 0002:0000095c       ??_C@_02NONPIBCD@?$HM?$HM@ 000000018000e95c     libvcruntime:undname.obj
 0002:00000960       ??_C@_02FPIMKNGF@?$CK?$DN@ 000000018000e960     libvcruntime:undname.obj
 0002:00000964       ??_C@_02FOEOMHFC@?$CL?$DN@ 000000018000e964     libvcruntime:undname.obj
 0002:00000968       ??_C@_02FKMDLLOA@?9?$DN@   000000018000e968     libvcruntime:undname.obj
 0002:0000096c       ??_C@_02FJEHGPIO@?1?$DN@   000000018000e96c     libvcruntime:undname.obj
 0002:00000970       ??_C@_02FENAOKFI@?$CF?$DN@ 000000018000e970     libvcruntime:undname.obj
 0002:00000974       ??_C@_03IKFCCPFF@?$DO?$DO?$DN@ 000000018000e974     libvcruntime:undname.obj
 0002:00000978       ??_C@_03CDNPDDLA@?$DM?$DM?$DN@ 000000018000e978     libvcruntime:undname.obj
 0002:0000097c       ??_C@_02FGJGFEAB@?$CG?$DN@ 000000018000e97c     libvcruntime:undname.obj
 0002:00000980       ??_C@_02DHLNPPGH@?$HM?$DN@ 000000018000e980     libvcruntime:undname.obj
 0002:00000984       ??_C@_02MHEGNOJ@?$FO?$DN@  000000018000e984     libvcruntime:undname.obj
 0002:00000988       ??_C@_09IFPLHPGF@?$GAvftable?8@ 000000018000e988     libvcruntime:undname.obj
 0002:00000998       ??_C@_09BLBHBJP@?$GAvbtable?8@ 000000018000e998     libvcruntime:undname.obj
 0002:000009a8       ??_C@_07FEEIOKP@?$GAvcall?8@ 000000018000e9a8     libvcruntime:undname.obj
 0002:000009b0       ??_C@_08LLFFHHDJ@?$GAtypeof?8@ 000000018000e9b0     libvcruntime:undname.obj
 0002:000009c0       ??_C@_0BF@KDPPACIK@?$GAlocal?5static?5guard?8@ 000000018000e9c0     libvcruntime:undname.obj
 0002:000009d8       ??_C@_08OBABFOLI@?$GAstring?8@ 000000018000e9d8     libvcruntime:undname.obj
 0002:000009e8       ??_C@_0BD@JDLKDPAB@?$GAvbase?5destructor?8@ 000000018000e9e8     libvcruntime:undname.obj
 0002:00000a00       ??_C@_0BN@DEGPLNFK@?$GAvector?5deleting?5destructor?8@ 000000018000ea00     libvcruntime:undname.obj
 0002:00000a20       ??_C@_0BO@OBMKPJIG@?$GAdefault?5constructor?5closure?8@ 000000018000ea20     libvcruntime:undname.obj
 0002:00000a40       ??_C@_0BN@IMDCHIKM@?$GAscalar?5deleting?5destructor?8@ 000000018000ea40     libvcruntime:undname.obj
 0002:00000a60       ??_C@_0BO@PFGOCPJJ@?$GAvector?5constructor?5iterator?8@ 000000018000ea60     libvcruntime:undname.obj
 0002:00000a80       ??_C@_0BN@LFPFMEDL@?$GAvector?5destructor?5iterator?8@ 000000018000ea80     libvcruntime:undname.obj
 0002:00000aa0       ??_C@_0CE@IKBNEHA@?$GAvector?5vbase?5constructor?5itera@ 000000018000eaa0     libvcruntime:undname.obj
 0002:00000ac8       ??_C@_0BL@NILFHHPC@?$GAvirtual?5displacement?5map?8@ 000000018000eac8     libvcruntime:undname.obj
 0002:00000ae8       ??_C@_0CB@JONCMFFK@?$GAeh?5vector?5constructor?5iterator@ 000000018000eae8     libvcruntime:undname.obj
 0002:00000b10       ??_C@_0CA@GCEOPDGL@?$GAeh?5vector?5destructor?5iterator?8@ 000000018000eb10     libvcruntime:undname.obj
 0002:00000b30       ??_C@_0CH@OOJPLCPH@?$GAeh?5vector?5vbase?5constructor?5it@ 000000018000eb30     libvcruntime:undname.obj
 0002:00000b58       ??_C@_0BL@LLKPOHJI@?$GAcopy?5constructor?5closure?8@ 000000018000eb58     libvcruntime:undname.obj
 0002:00000b78       ??_C@_0BA@KBCDOMBN@?$GAudt?5returning?8@ 000000018000eb78     libvcruntime:undname.obj
 0002:00000b88       ??_C@_03KLGMFNMG@?$GAEH@   000000018000eb88     libvcruntime:undname.obj
 0002:00000b8c       ??_C@_05KHLCHHI@?$GARTTI@  000000018000eb8c     libvcruntime:undname.obj
 0002:00000b98       ??_C@_0BA@KKLDJDLB@?$GAlocal?5vftable?8@ 000000018000eb98     libvcruntime:undname.obj
 0002:00000ba8       ??_C@_0CE@IIHCMGGL@?$GAlocal?5vftable?5constructor?5clos@ 000000018000eba8     libvcruntime:undname.obj
 0002:00000bcc       ??_C@_06FHBGPFGH@?5new?$FL?$FN@ 000000018000ebcc     libvcruntime:undname.obj
 0002:00000bd8       ??_C@_09LBNFPBCA@?5delete?$FL?$FN@ 000000018000ebd8     libvcruntime:undname.obj
 0002:00000be8       ??_C@_0P@HJKNJFNN@?$GAomni?5callsig?8@ 000000018000ebe8     libvcruntime:undname.obj
 0002:00000bf8       ??_C@_0BL@CNOONJFP@?$GAplacement?5delete?5closure?8@ 000000018000ebf8     libvcruntime:undname.obj
 0002:00000c18       ??_C@_0BN@CKNJLHMB@?$GAplacement?5delete?$FL?$FN?5closure?8@ 000000018000ec18     libvcruntime:undname.obj
 0002:00000c38       ??_C@_0CG@CFDHKGGD@?$GAmanaged?5vector?5constructor?5ite@ 000000018000ec38     libvcruntime:undname.obj
 0002:00000c60       ??_C@_0CF@IMGKMJNO@?$GAmanaged?5vector?5destructor?5iter@ 000000018000ec60     libvcruntime:undname.obj
 0002:00000c88       ??_C@_0CG@HLDDJMAG@?$GAeh?5vector?5copy?5constructor?5ite@ 000000018000ec88     libvcruntime:undname.obj
 0002:00000cb0       ??_C@_0CM@FCBBDIGB@?$GAeh?5vector?5vbase?5copy?5construct@ 000000018000ecb0     libvcruntime:undname.obj
 0002:00000ce0       ??_C@_0BL@CLIPGLGB@?$GAdynamic?5initializer?5for?5?8@ 000000018000ece0     libvcruntime:undname.obj
 0002:00000d00       ??_C@_0CB@PDBIFEP@?$GAdynamic?5atexit?5destructor?5for?5@ 000000018000ed00     libvcruntime:undname.obj
 0002:00000d28       ??_C@_0CD@CGAJBKEJ@?$GAvector?5copy?5constructor?5iterat@ 000000018000ed28     libvcruntime:undname.obj
 0002:00000d50       ??_C@_0CJ@GJELGAMM@?$GAvector?5vbase?5copy?5constructor?5@ 000000018000ed50     libvcruntime:undname.obj
 0002:00000d80       ??_C@_0CL@FGIJHLCE@?$GAmanaged?5vector?5copy?5constructo@ 000000018000ed80     libvcruntime:undname.obj
 0002:00000db0       ??_C@_0BM@PMGGMLDN@?$GAlocal?5static?5thread?5guard?8@ 000000018000edb0     libvcruntime:undname.obj
 0002:00000dd0       ??_C@_0N@BDNMDMOL@operator?5?$CC?$CC?5@ 000000018000edd0     libvcruntime:undname.obj
 0002:00000de0       ??_C@_0BC@GGEBGALA@operator?5co_await@ 000000018000ede0     libvcruntime:undname.obj
 0002:00000df8       ??_C@_0BC@DAFEJGAK@?5Type?5Descriptor?8@ 000000018000edf8     libvcruntime:undname.obj
 0002:00000e10       ??_C@_0BM@LDKODKLH@?5Base?5Class?5Descriptor?5at?5?$CI@ 000000018000ee10     libvcruntime:undname.obj
 0002:00000e30       ??_C@_0BD@LGICGFMM@?5Base?5Class?5Array?8@ 000000018000ee30     libvcruntime:undname.obj
 0002:00000e48       ??_C@_0BN@MECKDCOJ@?5Class?5Hierarchy?5Descriptor?8@ 000000018000ee48     libvcruntime:undname.obj
 0002:00000e68       ??_C@_0BK@CFCOFLF@?5Complete?5Object?5Locator?8@ 000000018000ee68     libvcruntime:undname.obj
 0002:00000ea0       ??_C@_1DM@KHCHBNEB@?$AAa?$AAp?$AAi?$AA?9?$AAm?$AAs?$AA?9?$AAw?$AAi?$AAn?$AA?9?$AAc?$AAo?$AAr?$AAe@ 000000018000eea0     libvcruntime:winapi_downlevel.obj
 0002:00000ee0       ??_C@_1DK@LPPGFMPP@?$AAa?$AAp?$AAi?$AA?9?$AAm?$AAs?$AA?9?$AAw?$AAi?$AAn?$AA?9?$AAc?$AAo?$AAr?$AAe@ 000000018000eee0     libvcruntime:winapi_downlevel.obj
 0002:00000f20       ??_C@_1BC@GDMECMAK@?$AAk?$AAe?$AAr?$AAn?$AAe?$AAl?$AA3?$AA2@ 000000018000ef20     libvcruntime:winapi_downlevel.obj
 0002:00000f38       ??_C@_1BA@PFFKHIOG@?$AAa?$AAp?$AAi?$AA?9?$AAm?$AAs?$AA?9@ 000000018000ef38     libvcruntime:winapi_downlevel.obj
 0002:00000f48       ??_C@_1BA@IAIFMGEF@?$AAe?$AAx?$AAt?$AA?9?$AAm?$AAs?$AA?9@ 000000018000ef48     libvcruntime:winapi_downlevel.obj
 0002:00000f60       ??_C@_08KNHFBNJ@FlsAlloc@  000000018000ef60     libvcruntime:winapi_downlevel.obj
 0002:00000f78       ??_C@_07PEJMOBNF@FlsFree@  000000018000ef78     libvcruntime:winapi_downlevel.obj
 0002:00000f88       ??_C@_0M@GDNOONDI@FlsGetValue@ 000000018000ef88     libvcruntime:winapi_downlevel.obj
 0002:00000fa0       ??_C@_0M@JCPCPOEF@FlsSetValue@ 000000018000efa0     libvcruntime:winapi_downlevel.obj
 0002:00000fb8       ??_C@_0BM@HCFOFFN@InitializeCriticalSectionEx@ 000000018000efb8     libvcruntime:winapi_downlevel.obj
 0002:00000fe0       __acrt_exception_action_table 000000018000efe0     libucrt:exception_filter.obj
 0002:000010a0       __acrt_signal_action_table_count 000000018000f0a0     libucrt:exception_filter.obj
 0002:000010a8       __acrt_signal_action_first_fpe_index 000000018000f0a8     libucrt:exception_filter.obj
 0002:000010b0       __acrt_signal_action_fpe_count 000000018000f0b0     libucrt:exception_filter.obj
 0002:000010b8       ??_C@_1BI@BGOHAHKC@?$AAm?$AAs?$AAc?$AAo?$AAr?$AAe?$AAe?$AA?4?$AAd?$AAl?$AAl?$AA?$AA@ 000000018000f0b8     libucrt:exit.obj
 0002:000010d0       ??_C@_0P@MIGLKIOC@CorExitProcess?$AA@ 000000018000f0d0     libucrt:exit.obj
 0002:00001350       __lc_time_c                000000018000f350     libucrt:nlsdata.obj
 0002:00001610       ??_C@_03KOEHGMDN@Sun?$AA@  000000018000f610     libucrt:nlsdata.obj
 0002:00001614       ??_C@_03PDAGKDH@Mon?$AA@   000000018000f614     libucrt:nlsdata.obj
 0002:00001618       ??_C@_03NAGEINEP@Tue?$AA@  000000018000f618     libucrt:nlsdata.obj
 0002:0000161c       ??_C@_03MHOMLAJA@Wed?$AA@  000000018000f61c     libucrt:nlsdata.obj
 0002:00001620       ??_C@_03IOFIKPDN@Thu?$AA@  000000018000f620     libucrt:nlsdata.obj
 0002:00001624       ??_C@_03IDIOELNC@Fri?$AA@  000000018000f624     libucrt:nlsdata.obj
 0002:00001628       ??_C@_03FEFJNEK@Sat?$AA@   000000018000f628     libucrt:nlsdata.obj
 0002:0000162c       ??_C@_06OOPIFAJ@Sunday?$AA@ 000000018000f62c     libucrt:nlsdata.obj
 0002:00001634       ??_C@_06JLEDEDGH@Monday?$AA@ 000000018000f634     libucrt:nlsdata.obj
 0002:00001640       ??_C@_07BAAGCFCM@Tuesday?$AA@ 000000018000f640     libucrt:nlsdata.obj
 0002:00001648       ??_C@_09DLIGFAKA@Wednesday?$AA@ 000000018000f648     libucrt:nlsdata.obj
 0002:00001658       ??_C@_08HACCIKIA@Thursday?$AA@ 000000018000f658     libucrt:nlsdata.obj
 0002:00001664       ??_C@_06JECMNKMI@Friday?$AA@ 000000018000f664     libucrt:nlsdata.obj
 0002:00001670       ??_C@_08INBOOONO@Saturday?$AA@ 000000018000f670     libucrt:nlsdata.obj
 0002:0000167c       ??_C@_03JIHJHPIE@Jan?$AA@  000000018000f67c     libucrt:nlsdata.obj
 0002:00001680       ??_C@_03HJBDCHOM@Feb?$AA@  000000018000f680     libucrt:nlsdata.obj
 0002:00001684       ??_C@_03ODNJBKGA@Mar?$AA@  000000018000f684     libucrt:nlsdata.obj
 0002:00001688       ??_C@_03LEOLGMJP@Apr?$AA@  000000018000f688     libucrt:nlsdata.obj
 0002:0000168c       ??_C@_03CNMDKL@May?$AA@    000000018000f68c     libucrt:nlsdata.obj
 0002:00001690       ??_C@_03IDFGHECI@Jun?$AA@  000000018000f690     libucrt:nlsdata.obj
 0002:00001694       ??_C@_03LBGABGKK@Jul?$AA@  000000018000f694     libucrt:nlsdata.obj
 0002:00001698       ??_C@_03IFJFEIGA@Aug?$AA@  000000018000f698     libucrt:nlsdata.obj
 0002:0000169c       ??_C@_03GGCAPAJC@Sep?$AA@  000000018000f69c     libucrt:nlsdata.obj
 0002:000016a0       ??_C@_03BMAOKBAD@Oct?$AA@  000000018000f6a0     libucrt:nlsdata.obj
 0002:000016a4       ??_C@_03JPJOFNIA@Nov?$AA@  000000018000f6a4     libucrt:nlsdata.obj
 0002:000016a8       ??_C@_03MKABNOCG@Dec?$AA@  000000018000f6a8     libucrt:nlsdata.obj
 0002:000016b0       ??_C@_07CGJPFGJA@January?$AA@ 000000018000f6b0     libucrt:nlsdata.obj
 0002:000016b8       ??_C@_08GNJGEPFN@February?$AA@ 000000018000f6b8     libucrt:nlsdata.obj
 0002:000016c4       ??_C@_05HPCKOFNC@March?$AA@ 000000018000f6c4     libucrt:nlsdata.obj
 0002:000016cc       ??_C@_05DMJDNLEJ@April?$AA@ 000000018000f6cc     libucrt:nlsdata.obj
 0002:000016d4       ??_C@_04CNLMGBGM@June?$AA@ 000000018000f6d4     libucrt:nlsdata.obj
 0002:000016dc       ??_C@_04MIEPOIFP@July?$AA@ 000000018000f6dc     libucrt:nlsdata.obj
 0002:000016e4       ??_C@_06LBBHFDDG@August?$AA@ 000000018000f6e4     libucrt:nlsdata.obj
 0002:000016f0       ??_C@_09BHHEALKD@September?$AA@ 000000018000f6f0     libucrt:nlsdata.obj
 0002:00001700       ??_C@_07JJNFCEND@October?$AA@ 000000018000f700     libucrt:nlsdata.obj
 0002:00001708       ??_C@_08HCHEGEOA@November?$AA@ 000000018000f708     libucrt:nlsdata.obj
 0002:00001718       ??_C@_08EDHMEBNP@December?$AA@ 000000018000f718     libucrt:nlsdata.obj
 0002:00001724       ??_C@_02DEDBPAFC@AM?$AA@   000000018000f724     libucrt:nlsdata.obj
 0002:00001728       ??_C@_02CJNFDJBF@PM?$AA@   000000018000f728     libucrt:nlsdata.obj
 0002:00001730       ??_C@_08BPBNCDIB@MM?1dd?1yy?$AA@ 000000018000f730     libucrt:nlsdata.obj
 0002:00001740       ??_C@_0BE@CKGJFCPC@dddd?0?5MMMM?5dd?0?5yyyy?$AA@ 000000018000f740     libucrt:nlsdata.obj
 0002:00001758       ??_C@_08JCCMCCIL@HH?3mm?3ss?$AA@ 000000018000f758     libucrt:nlsdata.obj
 0002:00001768       ??_C@_17MBGCMIPB@?$AAS?$AAu?$AAn?$AA?$AA@ 000000018000f768     libucrt:nlsdata.obj
 0002:00001770       ??_C@_17KBOMKBF@?$AAM?$AAo?$AAn?$AA?$AA@ 000000018000f770     libucrt:nlsdata.obj
 0002:00001778       ??_C@_17BMKGEGOJ@?$AAT?$AAu?$AAe?$AA?$AA@ 000000018000f778     libucrt:nlsdata.obj
 0002:00001780       ??_C@_17CJEDCEPE@?$AAW?$AAe?$AAd?$AA?$AA@ 000000018000f780     libucrt:nlsdata.obj
 0002:00001788       ??_C@_17PDPHAADD@?$AAT?$AAh?$AAu?$AA?$AA@ 000000018000f788     libucrt:nlsdata.obj
 0002:00001790       ??_C@_17HFOLPPLP@?$AAF?$AAr?$AAi?$AA?$AA@ 000000018000f790     libucrt:nlsdata.obj
 0002:00001798       ??_C@_17GGIBDPIH@?$AAS?$AAa?$AAt?$AA?$AA@ 000000018000f798     libucrt:nlsdata.obj
 0002:000017a0       ??_C@_1O@IHNHDHPB@?$AAS?$AAu?$AAn?$AAd?$AAa?$AAy?$AA?$AA@ 000000018000f7a0     libucrt:nlsdata.obj
 0002:000017b0       ??_C@_1O@MMNBFLIA@?$AAM?$AAo?$AAn?$AAd?$AAa?$AAy?$AA?$AA@ 000000018000f7b0     libucrt:nlsdata.obj
 0002:000017c0       ??_C@_1BA@ENFBFFEK@?$AAT?$AAu?$AAe?$AAs?$AAd?$AAa?$AAy?$AA?$AA@ 000000018000f7c0     libucrt:nlsdata.obj
 0002:000017d0       ??_C@_1BE@EBOGMDOH@?$AAW?$AAe?$AAd?$AAn?$AAe?$AAs?$AAd?$AAa?$AAy?$AA?$AA@ 000000018000f7d0     libucrt:nlsdata.obj
 0002:000017e8       ??_C@_1BC@HHMNLIHE@?$AAT?$AAh?$AAu?$AAr?$AAs?$AAd?$AAa?$AAy?$AA?$AA@ 000000018000f7e8     libucrt:nlsdata.obj
 0002:00001800       ??_C@_1O@PDICJHAG@?$AAF?$AAr?$AAi?$AAd?$AAa?$AAy?$AA?$AA@ 000000018000f800     libucrt:nlsdata.obj
 0002:00001810       ??_C@_1BC@ENMNNPAJ@?$AAS?$AAa?$AAt?$AAu?$AAr?$AAd?$AAa?$AAy?$AA?$AA@ 000000018000f810     libucrt:nlsdata.obj
 0002:00001828       ??_C@_17DKNBKCHM@?$AAJ?$AAa?$AAn?$AA?$AA@ 000000018000f828     libucrt:nlsdata.obj
 0002:00001830       ??_C@_17LMDJEKJN@?$AAF?$AAe?$AAb?$AA?$AA@ 000000018000f830     libucrt:nlsdata.obj
 0002:00001838       ??_C@_17CKNLEDEC@?$AAM?$AAa?$AAr?$AA?$AA@ 000000018000f838     libucrt:nlsdata.obj
 0002:00001840       ??_C@_17LFPOIHDD@?$AAA?$AAp?$AAr?$AA?$AA@ 000000018000f840     libucrt:nlsdata.obj
 0002:00001848       ??_C@_17PNNKMEED@?$AAM?$AAa?$AAy?$AA?$AA@ 000000018000f848     libucrt:nlsdata.obj
 0002:00001850       ??_C@_17KCJGOCPB@?$AAJ?$AAu?$AAn?$AA?$AA@ 000000018000f850     libucrt:nlsdata.obj
 0002:00001858       ??_C@_17IJPCKHK@?$AAJ?$AAu?$AAl?$AA?$AA@ 000000018000f858     libucrt:nlsdata.obj
 0002:00001860       ??_C@_17ICPELBCN@?$AAA?$AAu?$AAg?$AA?$AA@ 000000018000f860     libucrt:nlsdata.obj
 0002:00001868       ??_C@_17HCHCOKMG@?$AAS?$AAe?$AAp?$AA?$AA@ 000000018000f868     libucrt:nlsdata.obj
 0002:00001870       ??_C@_17FNLKOI@?$AAO?$AAc?$AAt?$AA?$AA@ 000000018000f870     libucrt:nlsdata.obj
 0002:00001878       ??_C@_17BBDMLCIG@?$AAN?$AAo?$AAv?$AA?$AA@ 000000018000f878     libucrt:nlsdata.obj
 0002:00001880       ??_C@_17EGKACKIF@?$AAD?$AAe?$AAc?$AA?$AA@ 000000018000f880     libucrt:nlsdata.obj
 0002:00001888       ??_C@_1BA@EFMEIEBA@?$AAJ?$AAa?$AAn?$AAu?$AAa?$AAr?$AAy?$AA?$AA@ 000000018000f888     libucrt:nlsdata.obj
 0002:00001898       ??_C@_1BC@JGDDFFAM@?$AAF?$AAe?$AAb?$AAr?$AAu?$AAa?$AAr?$AAy?$AA?$AA@ 000000018000f898     libucrt:nlsdata.obj
 0002:000018b0       ??_C@_1M@IKEENEDF@?$AAM?$AAa?$AAr?$AAc?$AAh?$AA?$AA@ 000000018000f8b0     libucrt:nlsdata.obj
 0002:000018c0       ??_C@_1M@GJNLMHFD@?$AAA?$AAp?$AAr?$AAi?$AAl?$AA?$AA@ 000000018000f8c0     libucrt:nlsdata.obj
 0002:000018d0       ??_C@_19EPFLPGAP@?$AAJ?$AAu?$AAn?$AAe?$AA?$AA@ 000000018000f8d0     libucrt:nlsdata.obj
 0002:000018e0       ??_C@_19BIFMLPCD@?$AAJ?$AAu?$AAl?$AAy?$AA?$AA@ 000000018000f8e0     libucrt:nlsdata.obj
 0002:000018f0       ??_C@_1O@PAHLKOAC@?$AAA?$AAu?$AAg?$AAu?$AAs?$AAt?$AA?$AA@ 000000018000f8f0     libucrt:nlsdata.obj
 0002:00001900       ??_C@_1BE@DKAAMBJL@?$AAS?$AAe?$AAp?$AAt?$AAe?$AAm?$AAb?$AAe?$AAr?$AA?$AA@ 000000018000f900     libucrt:nlsdata.obj
 0002:00001918       ??_C@_1BA@EPANDLNG@?$AAO?$AAc?$AAt?$AAo?$AAb?$AAe?$AAr?$AA?$AA@ 000000018000f918     libucrt:nlsdata.obj
 0002:00001928       ??_C@_1BC@BGLIFPF@?$AAN?$AAo?$AAv?$AAe?$AAm?$AAb?$AAe?$AAr?$AA?$AA@ 000000018000f928     libucrt:nlsdata.obj
 0002:00001940       ??_C@_1BC@FEMKIFH@?$AAD?$AAe?$AAc?$AAe?$AAm?$AAb?$AAe?$AAr?$AA?$AA@ 000000018000f940     libucrt:nlsdata.obj
 0002:00001954       ??_C@_15ODEHAHHF@?$AAA?$AAM?$AA?$AA@ 000000018000f954     libucrt:nlsdata.obj
 0002:0000195c       ??_C@_15CLMNNGEL@?$AAP?$AAM?$AA?$AA@ 000000018000f95c     libucrt:nlsdata.obj
 0002:00001968       ??_C@_1BC@IEBCMHCM@?$AAM?$AAM?$AA?1?$AAd?$AAd?$AA?1?$AAy?$AAy?$AA?$AA@ 000000018000f968     libucrt:nlsdata.obj
 0002:00001980       ??_C@_1CI@KNAKOEBC@?$AAd?$AAd?$AAd?$AAd?$AA?0?$AA?5?$AAM?$AAM?$AAM?$AAM?$AA?5?$AAd?$AAd?$AA?0?$AA?5?$AAy?$AAy?$AAy?$AAy?$AA?$AA@ 000000018000f980     libucrt:nlsdata.obj
 0002:000019a8       ??_C@_1BC@GDGBMEMK@?$AAH?$AAH?$AA?3?$AAm?$AAm?$AA?3?$AAs?$AAs?$AA?$AA@ 000000018000f9a8     libucrt:nlsdata.obj
 0002:000019c0       ??_C@_1M@BMHNFIME@?$AAe?$AAn?$AA?9?$AAU?$AAS?$AA?$AA@ 000000018000f9c0     libucrt:nlsdata.obj
 0002:000019f0       ??_C@_1M@HPNHIDJI@?$AAj?$AAa?$AA?9?$AAJ?$AAP?$AA?$AA@ 000000018000f9f0     libucrt:mbctype.obj
 0002:00001a00       ??_C@_1M@BIBDDEMK@?$AAz?$AAh?$AA?9?$AAC?$AAN?$AA?$AA@ 000000018000fa00     libucrt:mbctype.obj
 0002:00001a10       ??_C@_1M@JLOOOEGK@?$AAk?$AAo?$AA?9?$AAK?$AAR?$AA?$AA@ 000000018000fa10     libucrt:mbctype.obj
 0002:00001a20       ??_C@_1M@CLNBBOPM@?$AAz?$AAh?$AA?9?$AAT?$AAW?$AA?$AA@ 000000018000fa20     libucrt:mbctype.obj
 0002:00001ad0       ??_C@_1EA@JGEFHKEI@?$AAa?$AAp?$AAi?$AA?9?$AAm?$AAs?$AA?9?$AAw?$AAi?$AAn?$AA?9?$AAc?$AAo?$AAr?$AAe?$AA?9?$AAd?$AAa?$AAt?$AAe?$AAt?$AAi?$AAm?$AAe?$AA?9?$AAl?$AA1?$AA?9?$AA1?$AA?9?$AA1?$AA?$AA@ 000000018000fad0     libucrt:winapi_thunks.obj
 0002:00001b10       ??_C@_1DM@KHCHBNEB@?$AAa?$AAp?$AAi?$AA?9?$AAm?$AAs?$AA?9?$AAw?$AAi?$AAn?$AA?9?$AAc?$AAo?$AAr?$AAe?$AA?9?$AAf?$AAi?$AAb?$AAe?$AAr?$AAs?$AA?9?$AAl?$AA1?$AA?9?$AA1?$AA?9?$AA1?$AA?$AA@ 000000018000fb10     libucrt:winapi_thunks.obj
 0002:00001b50       ??_C@_1DI@IJCEHOCB@?$AAa?$AAp?$AAi?$AA?9?$AAm?$AAs?$AA?9?$AAw?$AAi?$AAn?$AA?9?$AAc?$AAo?$AAr?$AAe?$AA?9?$AAf?$AAi?$AAl?$AAe?$AA?9?$AAl?$AA1?$AA?9?$AA2?$AA?9?$AA2?$AA?$AA@ 000000018000fb50     libucrt:winapi_thunks.obj
 0002:00001b90       ??_C@_1EI@MPIAOHOC@?$AAa?$AAp?$AAi?$AA?9?$AAm?$AAs?$AA?9?$AAw?$AAi?$AAn?$AA?9?$AAc?$AAo?$AAr?$AAe?$AA?9?$AAl?$AAo?$AAc?$AAa?$AAl?$AAi?$AAz?$AAa?$AAt?$AAi?$AAo?$AAn?$AA?9?$AAl?$AA1?$AA?9@ 000000018000fb90     libucrt:winapi_thunks.obj
 0002:00001be0       ??_C@_1FK@FPHCKFIE@?$AAa?$AAp?$AAi?$AA?9?$AAm?$AAs?$AA?9?$AAw?$AAi?$AAn?$AA?9?$AAc?$AAo?$AAr?$AAe?$AA?9?$AAl?$AAo?$AAc?$AAa?$AAl?$AAi?$AAz?$AAa?$AAt?$AAi?$AAo?$AAn?$AA?9?$AAo?$AAb?$AAs@ 000000018000fbe0     libucrt:winapi_thunks.obj
 0002:00001c40       ??_C@_1EM@DILCGIIO@?$AAa?$AAp?$AAi?$AA?9?$AAm?$AAs?$AA?9?$AAw?$AAi?$AAn?$AA?9?$AAc?$AAo?$AAr?$AAe?$AA?9?$AAp?$AAr?$AAo?$AAc?$AAe?$AAs?$AAs?$AAt?$AAh?$AAr?$AAe?$AAa?$AAd?$AAs?$AA?9?$AAl@ 000000018000fc40     libucrt:winapi_thunks.obj
 0002:00001c90       ??_C@_1DM@LNCGDDPN@?$AAa?$AAp?$AAi?$AA?9?$AAm?$AAs?$AA?9?$AAw?$AAi?$AAn?$AA?9?$AAc?$AAo?$AAr?$AAe?$AA?9?$AAs?$AAt?$AAr?$AAi?$AAn?$AAg?$AA?9?$AAl?$AA1?$AA?9?$AA1?$AA?9?$AA0?$AA?$AA@ 000000018000fc90     libucrt:winapi_thunks.obj
 0002:00001cd0       ??_C@_1DK@LPPGFMPP@?$AAa?$AAp?$AAi?$AA?9?$AAm?$AAs?$AA?9?$AAw?$AAi?$AAn?$AA?9?$AAc?$AAo?$AAr?$AAe?$AA?9?$AAs?$AAy?$AAn?$AAc?$AAh?$AA?9?$AAl?$AA1?$AA?9?$AA2?$AA?9?$AA0?$AA?$AA@ 000000018000fcd0     libucrt:winapi_thunks.obj
 0002:00001d10       ??_C@_1DO@FPAPJEMD@?$AAa?$AAp?$AAi?$AA?9?$AAm?$AAs?$AA?9?$AAw?$AAi?$AAn?$AA?9?$AAc?$AAo?$AAr?$AAe?$AA?9?$AAs?$AAy?$AAs?$AAi?$AAn?$AAf?$AAo?$AA?9?$AAl?$AA1?$AA?9?$AA2?$AA?9?$AA1?$AA?$AA@ 000000018000fd10     libucrt:winapi_thunks.obj
 0002:00001d50       ??_C@_1DK@NDHNAHIO@?$AAa?$AAp?$AAi?$AA?9?$AAm?$AAs?$AA?9?$AAw?$AAi?$AAn?$AA?9?$AAc?$AAo?$AAr?$AAe?$AA?9?$AAw?$AAi?$AAn?$AAr?$AAt?$AA?9?$AAl?$AA1?$AA?9?$AA1?$AA?9?$AA0?$AA?$AA@ 000000018000fd50     libucrt:winapi_thunks.obj
 0002:00001d90       ??_C@_1DM@KGHDGBCM@?$AAa?$AAp?$AAi?$AA?9?$AAm?$AAs?$AA?9?$AAw?$AAi?$AAn?$AA?9?$AAc?$AAo?$AAr?$AAe?$AA?9?$AAx?$AAs?$AAt?$AAa?$AAt?$AAe?$AA?9?$AAl?$AA2?$AA?9?$AA1?$AA?9?$AA0?$AA?$AA@ 000000018000fd90     libucrt:winapi_thunks.obj
 0002:00001dd0       ??_C@_1EO@IJIOEFOH@?$AAa?$AAp?$AAi?$AA?9?$AAm?$AAs?$AA?9?$AAw?$AAi?$AAn?$AA?9?$AAr?$AAt?$AAc?$AAo?$AAr?$AAe?$AA?9?$AAn?$AAt?$AAu?$AAs?$AAe?$AAr?$AA?9?$AAw?$AAi?$AAn?$AAd?$AAo?$AAw?$AA?9@ 000000018000fdd0     libucrt:winapi_thunks.obj
 0002:00001e20       ??_C@_1FG@HHGEKANL@?$AAa?$AAp?$AAi?$AA?9?$AAm?$AAs?$AA?9?$AAw?$AAi?$AAn?$AA?9?$AAs?$AAe?$AAc?$AAu?$AAr?$AAi?$AAt?$AAy?$AA?9?$AAs?$AAy?$AAs?$AAt?$AAe?$AAm?$AAf?$AAu?$AAn?$AAc?$AAt?$AAi@ 000000018000fe20     libucrt:winapi_thunks.obj
 0002:00001e80       ??_C@_1EG@DBIOJECG@?$AAe?$AAx?$AAt?$AA?9?$AAm?$AAs?$AA?9?$AAw?$AAi?$AAn?$AA?9?$AAn?$AAt?$AAu?$AAs?$AAe?$AAr?$AA?9?$AAd?$AAi?$AAa?$AAl?$AAo?$AAg?$AAb?$AAo?$AAx?$AA?9?$AAl?$AA1?$AA?9?$AA1@ 000000018000fe80     libucrt:winapi_thunks.obj
 0002:00001ed0       ??_C@_1EO@FIHMJCLF@?$AAe?$AAx?$AAt?$AA?9?$AAm?$AAs?$AA?9?$AAw?$AAi?$AAn?$AA?9?$AAn?$AAt?$AAu?$AAs?$AAe?$AAr?$AA?9?$AAw?$AAi?$AAn?$AAd?$AAo?$AAw?$AAs?$AAt?$AAa?$AAt?$AAi?$AAo?$AAn?$AA?9@ 000000018000fed0     libucrt:winapi_thunks.obj
 0002:00001f20       ??_C@_1BC@DNHGCMLG@?$AAa?$AAd?$AAv?$AAa?$AAp?$AAi?$AA3?$AA2?$AA?$AA@ 000000018000ff20     libucrt:winapi_thunks.obj
 0002:00001f38       ??_C@_1BC@GDMECMAK@?$AAk?$AAe?$AAr?$AAn?$AAe?$AAl?$AA3?$AA2?$AA?$AA@ 000000018000ff38     libucrt:winapi_thunks.obj
 0002:00001f50       ??_C@_1M@OAIMIKLP@?$AAn?$AAt?$AAd?$AAl?$AAl?$AA?$AA@ 000000018000ff50     libucrt:winapi_thunks.obj
 0002:00001f60       ??_C@_1EG@DPGNFKGC@?$AAa?$AAp?$AAi?$AA?9?$AAm?$AAs?$AA?9?$AAw?$AAi?$AAn?$AA?9?$AAa?$AAp?$AAp?$AAm?$AAo?$AAd?$AAe?$AAl?$AA?9?$AAr?$AAu?$AAn?$AAt?$AAi?$AAm?$AAe?$AA?9?$AAl?$AA1?$AA?9?$AA1@ 000000018000ff60     libucrt:winapi_thunks.obj
 0002:00001fa8       ??_C@_1O@BCCLBEOE@?$AAu?$AAs?$AAe?$AAr?$AA3?$AA2?$AA?$AA@ 000000018000ffa8     libucrt:winapi_thunks.obj
 0002:00001fb8       ??_C@_1BA@PFFKHIOG@?$AAa?$AAp?$AAi?$AA?9?$AAm?$AAs?$AA?9?$AA?$AA@ 000000018000ffb8     libucrt:winapi_thunks.obj
 0002:00001fc8       ??_C@_1BA@IAIFMGEF@?$AAe?$AAx?$AAt?$AA?9?$AAm?$AAs?$AA?9?$AA?$AA@ 000000018000ffc8     libucrt:winapi_thunks.obj
 0002:00001fe0       ??_C@_0BA@FHFNEAED@AreFileApisANSI?$AA@ 000000018000ffe0     libucrt:winapi_thunks.obj
 0002:00001ff8       ??_C@_08KNHFBNJ@FlsAlloc?$AA@ 000000018000fff8     libucrt:winapi_thunks.obj
 0002:00002010       ??_C@_07PEJMOBNF@FlsFree?$AA@ 0000000180010010     libucrt:winapi_thunks.obj
 0002:00002020       ??_C@_0M@GDNOONDI@FlsGetValue?$AA@ 0000000180010020     libucrt:winapi_thunks.obj
 0002:00002038       ??_C@_0M@JCPCPOEF@FlsSetValue?$AA@ 0000000180010038     libucrt:winapi_thunks.obj
 0002:00002050       ??_C@_0BM@HCFOFFN@InitializeCriticalSectionEx?$AA@ 0000000180010050     libucrt:winapi_thunks.obj
 0002:00002078       ??_C@_0O@KKBNKAPF@LCMapStringEx?$AA@ 0000000180010078     libucrt:winapi_thunks.obj
 0002:00002090       ??_C@_0BB@HBDEELFH@LocaleNameToLCID?$AA@ 0000000180010090     libucrt:winapi_thunks.obj
 0002:000020a8       ??_C@_0CF@OJOFEIGO@AppPolicyGetProcessTerminationMe@ 00000001800100a8     libucrt:winapi_thunks.obj
 0002:000020d0       __newctype                 00000001800100d0     libucrt:ctype.obj
 0002:000023d0       __newclmap                 00000001800103d0     libucrt:ctype.obj
 0002:00002550       __newcumap                 0000000180010550     libucrt:ctype.obj
 0002:000026d0       ??_C@_15PJPFLCCM@?$AAu?$AAk?$AA?$AA@ 00000001800106d0     libucrt:get_qualified_locale.obj
 0002:00003520       ??_C@_15EMKDOKLE@?$AAa?$AAr?$AA?$AA@ 0000000180011520     libucrt:lcidtoname_downlevel.obj
 0002:00003528       ??_C@_15KNPADPLH@?$AAb?$AAg?$AA?$AA@ 0000000180011528     libucrt:lcidtoname_downlevel.obj
 0002:00003530       ??_C@_15EDMHLDMO@?$AAc?$AAa?$AA?$AA@ 0000000180011530     libucrt:lcidtoname_downlevel.obj
 0002:00003538       ??_C@_1O@BPEAJADD@?$AAz?$AAh?$AA?9?$AAC?$AAH?$AAS?$AA?$AA@ 0000000180011538     libucrt:lcidtoname_downlevel.obj
 0002:00003548       ??_C@_15LJNHCMNK@?$AAc?$AAs?$AA?$AA@ 0000000180011548     libucrt:lcidtoname_downlevel.obj
 0002:00003550       ??_C@_15FOMCIDHG@?$AAd?$AAa?$AA?$AA@ 0000000180011550     libucrt:lcidtoname_downlevel.obj
 0002:00003558       ??_C@_15NBKABECB@?$AAd?$AAe?$AA?$AA@ 0000000180011558     libucrt:lcidtoname_downlevel.obj
 0002:00003560       ??_C@_15GHPEIIAO@?$AAe?$AAl?$AA?$AA@ 0000000180011560     libucrt:lcidtoname_downlevel.obj
 0002:00003568       ??_C@_15MNPNEAIF@?$AAe?$AAn?$AA?$AA@ 0000000180011568     libucrt:lcidtoname_downlevel.obj
 0002:00003570       ??_C@_15GPIOMPMH@?$AAe?$AAs?$AA?$AA@ 0000000180011570     libucrt:lcidtoname_downlevel.obj
 0002:00003578       ??_C@_15NGLOAKJC@?$AAf?$AAi?$AA?$AA@ 0000000180011578     libucrt:lcidtoname_downlevel.obj
 0002:00003580       ??_C@_15FBKGNKAM@?$AAf?$AAr?$AA?$AA@ 0000000180011580     libucrt:lcidtoname_downlevel.obj
 0002:00003588       ??_C@_15KGGCNEFK@?$AAh?$AAe?$AA?$AA@ 0000000180011588     libucrt:lcidtoname_downlevel.obj
 0002:00003590       ??_C@_15PGHLIDMF@?$AAh?$AAu?$AA?$AA@ 0000000180011590     libucrt:lcidtoname_downlevel.obj
 0002:00003598       ??_C@_15BIEMAPLM@?$AAi?$AAs?$AA?$AA@ 0000000180011598     libucrt:lcidtoname_downlevel.obj
 0002:000035a0       ??_C@_15IFJLDHAF@?$AAi?$AAt?$AA?$AA@ 00000001800115a0     libucrt:lcidtoname_downlevel.obj
 0002:000035a8       ??_C@_15GEMIOCAG@?$AAj?$AAa?$AA?$AA@ 00000001800115a8     libucrt:lcidtoname_downlevel.obj
 0002:000035b0       ??_C@_15EPELEGJA@?$AAk?$AAo?$AA?$AA@ 00000001800115b0     libucrt:lcidtoname_downlevel.obj
 0002:000035b8       ??_C@_15NDDHIMN@?$AAn?$AAl?$AA?$AA@ 00000001800115b8     libucrt:lcidtoname_downlevel.obj
 0002:000035c0       ??_C@_15BPIGNHCD@?$AAn?$AAo?$AA?$AA@ 00000001800115c0     libucrt:lcidtoname_downlevel.obj
 0002:000035c8       ??_C@_15DEOPBLCG@?$AAp?$AAl?$AA?$AA@ 00000001800115c8     libucrt:lcidtoname_downlevel.obj
 0002:000035d0       ??_C@_15KBECGEFG@?$AAp?$AAt?$AA?$AA@ 00000001800115d0     libucrt:lcidtoname_downlevel.obj
 0002:000035d8       ??_C@_15GLJCBFMD@?$AAr?$AAo?$AA?$AA@ 00000001800115d8     libucrt:lcidtoname_downlevel.obj
 0002:000035e0       ??_C@_15FEDGKCDI@?$AAr?$AAu?$AA?$AA@ 00000001800115e0     libucrt:lcidtoname_downlevel.obj
 0002:000035e8       ??_C@_15GLKMLLHM@?$AAh?$AAr?$AA?$AA@ 00000001800115e8     libucrt:lcidtoname_downlevel.obj
 0002:000035f0       ??_C@_15CPKMFBDB@?$AAs?$AAk?$AA?$AA@ 00000001800115f0     libucrt:lcidtoname_downlevel.obj
 0002:000035f8       ??_C@_15BAAIOGMK@?$AAs?$AAq?$AA?$AA@ 00000001800115f8     libucrt:lcidtoname_downlevel.obj
 0002:00003600       ??_C@_15INNPNOHD@?$AAs?$AAv?$AA?$AA@ 0000000180011600     libucrt:lcidtoname_downlevel.obj
 0002:00003608       ??_C@_15CABMMOGH@?$AAt?$AAh?$AA?$AA@ 0000000180011608     libucrt:lcidtoname_downlevel.obj
 0002:00003610       ??_C@_15BPLIHJJM@?$AAt?$AAr?$AA?$AA@ 0000000180011610     libucrt:lcidtoname_downlevel.obj
 0002:00003618       ??_C@_15NEOEKKDJ@?$AAu?$AAr?$AA?$AA@ 0000000180011618     libucrt:lcidtoname_downlevel.obj
 0002:00003620       ??_C@_15NFICGAJK@?$AAi?$AAd?$AA?$AA@ 0000000180011620     libucrt:lcidtoname_downlevel.obj
 0002:00003628       ??_C@_15HPJPHDM@?$AAb?$AAe?$AA?$AA@ 0000000180011628     libucrt:lcidtoname_downlevel.obj
 0002:00003630       ??_C@_15LCHLGJII@?$AAs?$AAl?$AA?$AA@ 0000000180011630     libucrt:lcidtoname_downlevel.obj
 0002:00003638       ??_C@_15PCFJPHHO@?$AAe?$AAt?$AA?$AA@ 0000000180011638     libucrt:lcidtoname_downlevel.obj
 0002:00003640       ??_C@_15HPFPGODN@?$AAl?$AAv?$AA?$AA@ 0000000180011640     libucrt:lcidtoname_downlevel.obj
 0002:00003648       ??_C@_15NFFGKGLG@?$AAl?$AAt?$AA?$AA@ 0000000180011648     libucrt:lcidtoname_downlevel.obj
 0002:00003650       ??_C@_15BDAKCCHN@?$AAf?$AAa?$AA?$AA@ 0000000180011650     libucrt:lcidtoname_downlevel.obj
 0002:00003658       ??_C@_15NFGIAIAJ@?$AAv?$AAi?$AA?$AA@ 0000000180011658     libucrt:lcidtoname_downlevel.obj
 0002:00003660       ??_C@_15LMKNDMHN@?$AAh?$AAy?$AA?$AA@ 0000000180011660     libucrt:lcidtoname_downlevel.obj
 0002:00003668       ??_C@_15IJBHMCFL@?$AAa?$AAz?$AA?$AA@ 0000000180011668     libucrt:lcidtoname_downlevel.obj
 0002:00003670       ??_C@_15EKOFJABL@?$AAe?$AAu?$AA?$AA@ 0000000180011670     libucrt:lcidtoname_downlevel.obj
 0002:00003678       ??_C@_15BGHADCNK@?$AAm?$AAk?$AA?$AA@ 0000000180011678     libucrt:lcidtoname_downlevel.obj
 0002:00003680       ??_C@_15JDNICKHM@?$AAa?$AAf?$AA?$AA@ 0000000180011680     libucrt:lcidtoname_downlevel.obj
 0002:00003688       ??_C@_15KPJEDBKD@?$AAk?$AAa?$AA?$AA@ 0000000180011688     libucrt:lcidtoname_downlevel.obj
 0002:00003690       ??_C@_15PDNFFFEO@?$AAf?$AAo?$AA?$AA@ 0000000180011690     libucrt:lcidtoname_downlevel.obj
 0002:00003698       ??_C@_15OMLEGLOC@?$AAh?$AAi?$AA?$AA@ 0000000180011698     libucrt:lcidtoname_downlevel.obj
 0002:000036a0       ??_C@_15IDNNENKK@?$AAm?$AAs?$AA?$AA@ 00000001800116a0     libucrt:lcidtoname_downlevel.obj
 0002:000036a8       ??_C@_15MACJNBMH@?$AAk?$AAk?$AA?$AA@ 00000001800116a8     libucrt:lcidtoname_downlevel.obj
 0002:000036b0       ??_C@_15DKDJEOND@?$AAk?$AAy?$AA?$AA@ 00000001800116b0     libucrt:lcidtoname_downlevel.obj
 0002:000036b8       ??_C@_15DFGDLJBG@?$AAs?$AAw?$AA?$AA@ 00000001800116b8     libucrt:lcidtoname_downlevel.obj
 0002:000036c0       ??_C@_15BBFAICNG@?$AAu?$AAz?$AA?$AA@ 00000001800116c0     libucrt:lcidtoname_downlevel.obj
 0002:000036c8       ??_C@_15DKNDCGEA@?$AAt?$AAt?$AA?$AA@ 00000001800116c8     libucrt:lcidtoname_downlevel.obj
 0002:000036d0       ??_C@_15MGIFMDPL@?$AAp?$AAa?$AA?$AA@ 00000001800116d0     libucrt:lcidtoname_downlevel.obj
 0002:000036d8       ??_C@_15HCNDBBA@?$AAg?$AAu?$AA?$AA@ 00000001800116d8     libucrt:lcidtoname_downlevel.obj
 0002:000036e0       ??_C@_15FNBEIBON@?$AAt?$AAa?$AA?$AA@ 00000001800116e0     libucrt:lcidtoname_downlevel.obj
 0002:000036e8       ??_C@_15NCHGBGLK@?$AAt?$AAe?$AA?$AA@ 00000001800116e8     libucrt:lcidtoname_downlevel.obj
 0002:000036f0       ??_C@_15PHPHCBPF@?$AAk?$AAn?$AA?$AA@ 00000001800116f0     libucrt:lcidtoname_downlevel.obj
 0002:000036f8       ??_C@_15DLGBCKMP@?$AAm?$AAr?$AA?$AA@ 00000001800116f8     libucrt:lcidtoname_downlevel.obj
 0002:00003700       ??_C@_15EABBLBFF@?$AAs?$AAa?$AA?$AA@ 0000000180011700     libucrt:lcidtoname_downlevel.obj
 0002:00003708       ??_C@_15CBKOMCOI@?$AAm?$AAn?$AA?$AA@ 0000000180011708     libucrt:lcidtoname_downlevel.obj
[...]
 0004:00000870       $pdata$__acrt_initialize_multibyte 000000018001a870     libucrt:mbctype.obj
 0004:0000087c       $pdata$__acrt_update_thread_multibyte_data 000000018001a87c     libucrt:mbctype.obj
 0004:00000888       $pdata$_setmbcp_nolock     000000018001a888     libucrt:mbctype.obj
 0004:00000894       $pdata$?x_ismbbtype_l@@YAHPEAU__crt_locale_pointers@@IHH@Z 000000018001a894     libucrt:ismbbyte.obj
 0004:000008a0       $pdata$__acrt_initialize_command_line 000000018001a8a0     libucrt:argv_data.obj
 0004:000008ac       $pdata$__acrt_WideCharToMultiByte 000000018001a8ac     libucrt:widechartomultibyte.obj
 0004:000008b8       $pdata$__dcrt_get_narrow_environment_from_os 000000018001a8b8     libucrt:get_environment_from_os.obj
 0004:000008c4       $pdata$_recalloc_base      000000018001a8c4     libucrt:recalloc.obj
 0004:000008d0       $pdata$?try_get_function@@YAPEAXW4function_id@?A0x391cf84c@@QEBDQEBW4module_id@2@2@Z 000000018001a8d0     libucrt:winapi_thunks.obj
 0004:000008dc       $pdata$__acrt_AppPolicyGetProcessTerminationMethodInternal 000000018001a8dc     libucrt:winapi_thunks.obj
 0004:000008e8       $pdata$__acrt_AreFileApisANSI 000000018001a8e8     libucrt:winapi_thunks.obj
 0004:000008f4       $pdata$__acrt_FlsAlloc     000000018001a8f4     libucrt:winapi_thunks.obj
 0004:00000900       $pdata$__acrt_FlsFree      000000018001a900     libucrt:winapi_thunks.obj
 0004:0000090c       $pdata$__acrt_FlsGetValue  000000018001a90c     libucrt:winapi_thunks.obj
 0004:00000918       $pdata$__acrt_FlsSetValue  000000018001a918     libucrt:winapi_thunks.obj
 0004:00000924       $pdata$__acrt_InitializeCriticalSectionEx 000000018001a924     libucrt:winapi_thunks.obj
 0004:00000930       $pdata$__acrt_LCMapStringEx 000000018001a930     libucrt:winapi_thunks.obj
 0004:0000093c       $pdata$__acrt_LocaleNameToLCID 000000018001a93c     libucrt:winapi_thunks.obj
 0004:00000948       $pdata$__acrt_initialize_winapi_thunks 000000018001a948     libucrt:winapi_thunks.obj
 0004:00000954       $pdata$__acrt_uninitialize_winapi_thunks 000000018001a954     libucrt:winapi_thunks.obj
 0004:00000960       $pdata$__acrt_initialize_heap 000000018001a960     libucrt:heap_handle.obj
 0004:0000096c       $pdata$?initialize_inherited_file_handles_nolock@@YAXXZ 000000018001a96c     libucrt:ioinit.obj
 0004:00000978       $pdata$?initialize_stdio_handles_nolock@@YAXXZ 000000018001a978     libucrt:ioinit.obj
 0004:00000984       $pdata$__acrt_initialize_lowio 000000018001a984     libucrt:ioinit.obj
 0004:00000990       $pdata$__acrt_uninitialize_lowio 000000018001a990     libucrt:ioinit.obj
 0004:0000099c       $pdata$__acrt_execute_initializers 000000018001a99c     libucrt:shared_initialization.obj
 0004:000009a8       $pdata$__acrt_execute_uninitializers 000000018001a9a8     libucrt:shared_initialization.obj
 0004:000009b4       $pdata$??$?RV<lambda_450d765d439847d4c735a33c368b5fc0>@@AEAV<lambda_44731a7d0e6d81c3e6aa82d741081786>@@V<lambda_601a2a7da3b7a96e9554ac7215c4b07c>@@@?$__crt_seh_guarded_call@P6AXH@Z@@QEAAP6AXH@Z$$QEAV<lambda_450d765d439847d4c735a33c368b5fc0>@@AEAV<lambda_44731a7d0e6d81c3e6aa82d741081786>@@$$QEAV<lambda_601a2a7da3b7a96e9554ac7215c4b07c>@@@Z 000000018001a9b4     libucrt:signal.obj
 0004:000009c0       $pdata$__acrt_get_sigabrt_handler 000000018001a9c0     libucrt:signal.obj
 0004:000009cc       $pdata$raise               000000018001a9cc     libucrt:signal.obj
 0004:000009d8       $pdata$??$?RV<lambda_842d9ff0dc9ef11c61343bbaebe7f885>@@AEAV<lambda_c5860995281e5c4ce005b3de8f5874ee>@@V<lambda_d90129c13df834fdcbf8d2b88dafcf2d>@@@?$__crt_seh_guarded_call@X@@QEAAX$$QEAV<lambda_842d9ff0dc9ef11c61343bbaebe7f885>@@AEAV<lambda_c5860995281e5c4ce005b3de8f5874ee>@@$$QEAV<lambda_d90129c13df834fdcbf8d2b88dafcf2d>@@@Z 000000018001a9d8     libucrt:fflush.obj
 0004:000009e4       $pdata$??$?RV<lambda_886d6c58226a84441f68b9f2b8217b83>@@AEAV<lambda_ab61a845afdef5b7c387490eaf3616ee>@@V<lambda_f7f22ab5edc0698d5f6905b0d3f44752>@@@?$__crt_seh_guarded_call@X@@QEAAX$$QEAV<lambda_886d6c58226a84441f68b9f2b8217b83>@@AEAV<lambda_ab61a845afdef5b7c387490eaf3616ee>@@$$QEAV<lambda_f7f22ab5edc0698d5f6905b0d3f44752>@@@Z 000000018001a9e4     libucrt:fflush.obj
 0004:000009f0       $pdata$?common_flush_all@@YAH_N@Z 000000018001a9f0     libucrt:fflush.obj
 0004:000009fc       $pdata$__acrt_stdio_flush_nolock 000000018001a9fc     libucrt:fflush.obj
 0004:00000a08       $pdata$_fflush_nolock      000000018001aa08     libucrt:fflush.obj
 0004:00000a14       $pdata$__acrt_initialize_stdio 000000018001aa14     libucrt:_file.obj
 0004:00000a20       $pdata$__acrt_uninitialize_stdio 000000018001aa20     libucrt:_file.obj
 0004:00000a2c       $pdata$_mbtowc_l           000000018001aa2c     libucrt:mbtowc.obj
 0004:00000a38       $pdata$_fileno             000000018001aa38     libucrt:fileno.obj
 0004:00000a44       $pdata$__pctype_func       000000018001aa44     libucrt:ctype.obj
 0004:00000a50       $pdata$_isleadbyte_l       000000018001aa50     libucrt:_wctype.obj
 0004:00000a5c       $pdata$?__acrt_LCMapStringA_stat@@YAHPEAU__crt_locale_pointers@@PEB_WKPEBDHPEADHHH@Z 000000018001aa5c     libucrt:lcmapstringa.obj
 0004:00000a68       $pdata$__acrt_LCMapStringA 000000018001aa68     libucrt:lcmapstringa.obj
 0004:00000a74       $pdata$__acrt_free_locale  000000018001aa74     libucrt:locale_refcounting.obj
 0004:00000a80       $pdata$__acrt_locale_free_lc_time_if_unreferenced 000000018001aa80     libucrt:locale_refcounting.obj
 0004:00000a8c       $pdata$__acrt_release_locale_ref 000000018001aa8c     libucrt:locale_refcounting.obj
 0004:00000a98       $pdata$__acrt_update_thread_locale_data 000000018001aa98     libucrt:locale_refcounting.obj
 0004:00000aa4       $pdata$_updatetlocinfoEx_nolock 000000018001aaa4     libucrt:locale_refcounting.obj
 0004:00000ab0       $pdata$__acrt_locale_free_monetary 000000018001aab0     libucrt:initmon.obj
 0004:00000abc       $pdata$__acrt_locale_free_numeric 000000018001aabc     libucrt:initnum.obj
 0004:00000ac8       $pdata$?free_crt_array_internal@@YAXQEAPEBX_K@Z 000000018001aac8     libucrt:inittime.obj
 0004:00000ad4       $pdata$__acrt_locale_free_time 000000018001aad4     libucrt:inittime.obj
 0004:00000ae0       $pdata$__acrt_GetStringTypeA 000000018001aae0     libucrt:getstringtypea.obj
 0004:00000aec       $pdata$qsort               000000018001aaec     libucrt:qsort.obj
 0004:00000af8       $pdata$4$qsort             000000018001aaf8     libucrt:qsort.obj
 0004:00000b04       $pdata$5$qsort             000000018001ab04     libucrt:qsort.obj
 0004:00000b10       $pdata$strncpy_s           000000018001ab10     libucrt:strncpy_s.obj
 0004:00000b1c       $pdata$fallbackMethod      000000018001ab1c     libucrt:strpbrk.obj
 0004:00000b28       $pdata$strpbrk             000000018001ab28     libucrt:strpbrk.obj
 0004:00000b34       $pdata$_mbsdec_l           000000018001ab34     libucrt:mbsdec.obj
 0004:00000b40       $pdata$?initialize_multibyte@@YAHXZ 000000018001ab40     libucrt:multibyte_initializer.obj
 0004:00000b4c       $pdata$_msize_base         000000018001ab4c     libucrt:msize.obj
 0004:00000b58       $pdata$_realloc_base       000000018001ab58     libucrt:realloc_base.obj
 0004:00000b64       $pdata$?GetTableIndexFromLocaleName@@YAHPEB_W@Z 000000018001ab64     libucrt:lcidtoname_downlevel.obj
 0004:00000b70       $pdata$__acrt_DownlevelLocaleNameToLCID 000000018001ab70     libucrt:lcidtoname_downlevel.obj
 0004:00000b7c       $pdata$__acrt_lowio_create_handle_array 000000018001ab7c     libucrt:osfinfo.obj
 0004:00000b88       $pdata$__acrt_lowio_destroy_handle_array 000000018001ab88     libucrt:osfinfo.obj
 0004:00000b94       $pdata$__acrt_lowio_ensure_fh_exists 000000018001ab94     libucrt:osfinfo.obj
 0004:00000ba0       $pdata$_free_osfhnd        000000018001aba0     libucrt:osfinfo.obj
 0004:00000bac       $pdata$_get_osfhandle      000000018001abac     libucrt:osfinfo.obj
 0004:00000bb8       $pdata$??$?RV<lambda_a37b2b86f63e897a80ea819b0eb08c01>@@AEAV<lambda_38ce7e780aa69e748d6df282ebc68efe>@@V<lambda_99fb1378e971ab6e7edea83e3a7a83a2>@@@?$__crt_seh_guarded_call@H@@QEAAH$$QEAV<lambda_a37b2b86f63e897a80ea819b0eb08c01>@@AEAV<lambda_38ce7e780aa69e748d6df282ebc68efe>@@$$QEAV<lambda_99fb1378e971ab6e7edea83e3a7a83a2>@@@Z 000000018001abb8     libucrt:commit.obj
 0004:00000bc4       $pdata$_commit             000000018001abc4     libucrt:commit.obj
 0004:00000bd0       $pdata$?write_double_translated_ansi_nolock@@YA?AUwrite_result@?A0x17268360@@HQEBDI@Z 000000018001abd0     libucrt:write.obj
 0004:00000bdc       $pdata$?write_text_ansi_nolock@@YA?AUwrite_result@?A0x17268360@@HQEBDI@Z 000000018001abdc     libucrt:write.obj
 0004:00000be8       $pdata$?write_text_utf16le_nolock@@YA?AUwrite_result@?A0x17268360@@HQEBDI@Z 000000018001abe8     libucrt:write.obj
 0004:00000bf4       $pdata$?write_text_utf8_nolock@@YA?AUwrite_result@?A0x17268360@@HQEBDI@Z 000000018001abf4     libucrt:write.obj
 0004:00000c00       $pdata$_write              000000018001ac00     libucrt:write.obj
 0004:00000c0c       $pdata$_write_nolock       000000018001ac0c     libucrt:write.obj
 0004:00000c18       $pdata$_fcloseall          000000018001ac18     libucrt:closeall.obj
 0004:00000c24       $pdata$__acrt_stdio_free_buffer_nolock 000000018001ac24     libucrt:_freebuf.obj
 0004:00000c30       $pdata$_isatty             000000018001ac30     libucrt:isatty.obj
 0004:00000c3c       $pdata$?__mbrtowc_utf8@__crt_mbstring@@YA_KPEA_WPEBD_KPEAU_Mbstatet@@@Z 000000018001ac3c     libucrt:mbrtowc.obj
 0004:00000c48       $pdata$?__mbsrtowcs_utf8@__crt_mbstring@@YA_KPEA_WPEAPEBD_KPEAU_Mbstatet@@@Z 000000018001ac48     libucrt:mbrtowc.obj
 0004:00000c54       $pdata$??$common_lseek_nolock@_J@@YA_JH_JH@Z 000000018001ac54     libucrt:lseek.obj
 0004:00000c60       $pdata$_putwch_nolock      000000018001ac60     libucrt:putwch.obj
 0004:00000c6c       $pdata$_fclose_nolock      000000018001ac6c     libucrt:fclose.obj
 0004:00000c78       $pdata$fclose              000000018001ac78     libucrt:fclose.obj
 0004:00000c84       $pdata$?__mbrtoc32_utf8@__crt_mbstring@@YA_KPEA_UPEBD_KPEAU_Mbstatet@@@Z 000000018001ac84     libucrt:mbrtoc32.obj
 0004:00000c9c       $pdata$__dcrt_lowio_ensure_console_output_initialized 000000018001ac9c     libucrt:initcon.obj
 0004:00000ca8       $pdata$__dcrt_terminate_console_output 000000018001aca8     libucrt:initcon.obj
 0004:00000cb4       $pdata$__dcrt_write_console 000000018001acb4     libucrt:initcon.obj
 0004:00000cc0       $pdata$??$?RV<lambda_751a882b2c74d4b022dec766aa51a29a>@@AEAV<lambda_628dfdc04ba53c8bfc02c9951375f3f5>@@V<lambda_f6c7be5f7998530c34de24c7437d6b54>@@@?$__crt_seh_guarded_call@H@@QEAAH$$QEAV<lambda_751a882b2c74d4b022dec766aa51a29a>@@AEAV<lambda_628dfdc04ba53c8bfc02c9951375f3f5>@@$$QEAV<lambda_f6c7be5f7998530c34de24c7437d6b54>@@@Z 000000018001acc0     libucrt:close.obj
 0004:00000ccc       $pdata$_close              000000018001accc     libucrt:close.obj
 0004:00000cd8       $pdata$_close_nolock       000000018001acd8     libucrt:close.obj
 0004:00000ce4       $pdata$_call_matherr       000000018001ace4     libucrt:libm_error.obj
 0004:00000cf0       $pdata$_exception_enabled  000000018001acf0     libucrt:libm_error.obj
 0004:00000cfc       $pdata$_handle_error       000000018001acfc     libucrt:libm_error.obj
 0004:00000d08       $pdata$__acrt_initialize_fma3 000000018001ad08     libucrt:fma3_available.obj
 0004:00000d14       $pdata$_log10_special      000000018001ad14     libucrt:log_special.obj
 0004:00000d20       $pdata$_log_special_common 000000018001ad20     libucrt:log_special.obj
 0004:00000d38       $pdata$_raise_exc          000000018001ad38     libucrt:fpexcept.obj
 0004:00000d44       $pdata$_raise_exc_ex       000000018001ad44     libucrt:fpexcept.obj
 0004:00000d50       $pdata$_set_errno_from_matherr 000000018001ad50     libucrt:fpexcept.obj
 0004:00000d5c       $pdata$_clrfp              000000018001ad5c     libucrt:fpctrl.obj
 0004:00000d68       $pdata$_ctrlfp             000000018001ad68     libucrt:fpctrl.obj
 0004:00000d74       $pdata$_set_statfp         000000018001ad74     libucrt:fpctrl.obj
 0004:00000d80       $pdata$_statfp             000000018001ad80     libucrt:fpctrl.obj
 0004:00000d8c       $pdata$_IsNonwritableInCurrentImage 000000018001ad8c     LIBCMT:pesect.obj
 0004:00000d98       $pdata$__GSHandlerCheck    000000018001ad98     LIBCMT:gshandler.obj
 0004:00000da4       $pdata$__GSHandlerCheckCommon 000000018001ada4     LIBCMT:gshandler.obj
 0004:00000dd4       $pdata$?fin$0@?0??dllmain_crt_process_attach@@YAHQEAUHINSTANCE__@@QEAX@Z@4HA 000000018001add4     LIBCMT:dll_dllmain.obj
 0004:00000de0       $pdata$?fin$0@?0??dllmain_crt_process_detach@@YAH_N@Z@4HA 000000018001ade0     LIBCMT:dll_dllmain.obj
 0004:00000dec       $pdata$?filt$0@?0??dllmain_dispatch@@YAHQEAUHINSTANCE__@@KQEAX@Z@4HA 000000018001adec     LIBCMT:dll_dllmain.obj
 0004:00000df8       $pdata$__scrt_is_nonwritable_in_current_image$filt$0 000000018001adf8     LIBCMT:utility.obj
 0004:00000e04       $pdata$__DestructExceptionObject$filt$0 000000018001ae04     libvcruntime:ehhelpers.obj
 0004:00000e10       $pdata$_query_new_handler$fin$0 000000018001ae10     libucrt:new_handler.obj
 0004:00000e1c       $pdata$?fin$0@?0???$?RV<lambda_7777bce6b2f8c936911f934f8298dc43>@@AEAV<lambda_f03950bc5685219e0bcd2087efbe011e>@@V<lambda_3883c3dff614d5e0c5f61bb1ac94921c>@@@?$__crt_seh_guarded_call@H@@QEAAH$$QEAV<lambda_7777bce6b2f8c936911f934f8298dc43>@@AEAV<lambda_f03950bc5685219e0bcd2087efbe011e>@@$$QEAV<lambda_3883c3dff614d5e0c5f61bb1ac94921c>@@@Z@4HA 000000018001ae1c     libucrt:onexit.obj
 0004:00000e1c       $pdata$?fin$0@?0???$?RV<lambda_0ae27a3a962d80f24befdcbee591983d>@@AEAV<lambda_8d0ee55de4b1038c4002e0adecdf1839>@@V<lambda_dc504788e8f1664fe9b84e20bfb512f2>@@@?$__crt_seh_guarded_call@X@@QEAAX$$QEAV<lambda_0ae27a3a962d80f24befdcbee591983d>@@AEAV<lambda_8d0ee55de4b1038c4002e0adecdf1839>@@$$QEAV<lambda_dc504788e8f1664fe9b84e20bfb512f2>@@@Z@4HA 000000018001ae1c     libucrt:per_thread_data.obj
 0004:00000e1c       $pdata$?fin$0@?0???$?RV<lambda_d80eeec6fff315bfe5c115232f3240e3>@@AEAV<lambda_6e4b09c48022b2350581041d5f6b0c4c>@@V<lambda_2358e3775559c9db80273638284d5e45>@@@?$__crt_seh_guarded_call@X@@QEAAX$$QEAV<lambda_d80eeec6fff315bfe5c115232f3240e3>@@AEAV<lambda_6e4b09c48022b2350581041d5f6b0c4c>@@$$QEAV<lambda_2358e3775559c9db80273638284d5e45>@@@Z@4HA 000000018001ae1c     libucrt:exit.obj
 0004:00000e1c       $pdata$?fin$0@?0???$?RV<lambda_aa87e3671a710a21b5dc78c0bdf72e11>@@AEAV<lambda_92619d2358a28f41a33ba319515a20b9>@@V<lambda_6992ecaafeb10aed2b74cb1fae11a551>@@@?$__crt_seh_guarded_call@X@@QEAAX$$QEAV<lambda_aa87e3671a710a21b5dc78c0bdf72e11>@@AEAV<lambda_92619d2358a28f41a33ba319515a20b9>@@$$QEAV<lambda_6992ecaafeb10aed2b74cb1fae11a551>@@@Z@4HA 000000018001ae1c     libucrt:per_thread_data.obj
 0004:00000e1c       $pdata$?fin$0@?0???$?RV<lambda_efdfa57d1f175319df784efa44bb7b81>@@AEAV<lambda_5f0a4c1567f8adc6734073e5d1e1b35c>@@V<lambda_2e8a7d3640ea6ccb4c2413664c2db6fd>@@@?$__crt_seh_guarded_call@X@@QEAAX$$QEAV<lambda_efdfa57d1f175319df784efa44bb7b81>@@AEAV<lambda_5f0a4c1567f8adc6734073e5d1e1b35c>@@$$QEAV<lambda_2e8a7d3640ea6ccb4c2413664c2db6fd>@@@Z@4HA 000000018001ae1c     libucrt:mbctype.obj
 0004:00000e1c       $pdata$?fin$0@?0???$?RV<lambda_f2e299630e499de9f9a165e60fcd3db5>@@AEAV<lambda_2ae9d31cdba2644fcbeaf08da7c24588>@@V<lambda_40d01ff24d0e7b3814fdbdcee8eab3c7>@@@?$__crt_seh_guarded_call@X@@QEAAX$$QEAV<lambda_f2e299630e499de9f9a165e60fcd3db5>@@AEAV<lambda_2ae9d31cdba2644fcbeaf08da7c24588>@@$$QEAV<lambda_40d01ff24d0e7b3814fdbdcee8eab3c7>@@@Z@4HA 000000018001ae1c     libucrt:per_thread_data.obj
 0004:00000e1c       $pdata$?fin$0@?0???$?RV<lambda_2d41944a1d46af3157314b8a01080d33>@@AEAV<lambda_8f455de75cd7d7f24b4096f044d8b9e6>@@V<lambda_aa500f224e6afead328df44964fe2772>@@@?$__crt_seh_guarded_call@X@@QEAAX$$QEAV<lambda_2d41944a1d46af3157314b8a01080d33>@@AEAV<lambda_8f455de75cd7d7f24b4096f044d8b9e6>@@$$QEAV<lambda_aa500f224e6afead328df44964fe2772>@@@Z@4HA 000000018001ae1c     libucrt:per_thread_data.obj
 0004:00000e1c       $pdata$?fin$0@?0???$?RV<lambda_450d765d439847d4c735a33c368b5fc0>@@AEAV<lambda_44731a7d0e6d81c3e6aa82d741081786>@@V<lambda_601a2a7da3b7a96e9554ac7215c4b07c>@@@?$__crt_seh_guarded_call@P6AXH@Z@@QEAAP6AXH@Z$$QEAV<lambda_450d765d439847d4c735a33c368b5fc0>@@AEAV<lambda_44731a7d0e6d81c3e6aa82d741081786>@@$$QEAV<lambda_601a2a7da3b7a96e9554ac7215c4b07c>@@@Z@4HA 000000018001ae1c     libucrt:signal.obj
 0004:00000e28       $pdata$?filt$0@?0???R<lambda_6e4b09c48022b2350581041d5f6b0c4c>@@QEBA@XZ@4HA 000000018001ae28     libucrt:exit.obj
 0004:00000e34       $pdata$?fin$0@?0???$?RV<lambda_410d79af7f07d98d83a3f525b3859a53>@@AEAV<lambda_3e16ef9562a7dcce91392c22ab16ea36>@@V<lambda_38119f0e861e05405d8a144b9b982f0a>@@@?$__crt_seh_guarded_call@X@@QEAAX$$QEAV<lambda_410d79af7f07d98d83a3f525b3859a53>@@AEAV<lambda_3e16ef9562a7dcce91392c22ab16ea36>@@$$QEAV<lambda_38119f0e861e05405d8a144b9b982f0a>@@@Z@4HA 000000018001ae34     libucrt:wsetlocale.obj
 0004:00000e40       $pdata$?fin$0@?0??update_thread_multibyte_data_internal@@YAPEAU__crt_multibyte_data@@QEAU__acrt_ptd@@QEAPEAU1@@Z@4HA 000000018001ae40     libucrt:mbctype.obj
 0004:00000e4c       $pdata$__acrt_lowio_ensure_fh_exists$fin$0 000000018001ae4c     libucrt:osfinfo.obj
 0004:00000e4c       $pdata$__acrt_initialize_lowio$fin$0 000000018001ae4c     libucrt:ioinit.obj
 0004:00000e58       $pdata$raise$fin$0         000000018001ae58     libucrt:signal.obj
 0004:00000e64       $pdata$?fin$0@?0???$?RV<lambda_842d9ff0dc9ef11c61343bbaebe7f885>@@AEAV<lambda_c5860995281e5c4ce005b3de8f5874ee>@@V<lambda_d90129c13df834fdcbf8d2b88dafcf2d>@@@?$__crt_seh_guarded_call@X@@QEAAX$$QEAV<lambda_842d9ff0dc9ef11c61343bbaebe7f885>@@AEAV<lambda_c5860995281e5c4ce005b3de8f5874ee>@@$$QEAV<lambda_d90129c13df834fdcbf8d2b88dafcf2d>@@@Z@4HA 000000018001ae64     libucrt:fflush.obj
 0004:00000e70       $pdata$?fin$0@?0???$?RV<lambda_886d6c58226a84441f68b9f2b8217b83>@@AEAV<lambda_ab61a845afdef5b7c387490eaf3616ee>@@V<lambda_f7f22ab5edc0698d5f6905b0d3f44752>@@@?$__crt_seh_guarded_call@X@@QEAAX$$QEAV<lambda_886d6c58226a84441f68b9f2b8217b83>@@AEAV<lambda_ab61a845afdef5b7c387490eaf3616ee>@@$$QEAV<lambda_f7f22ab5edc0698d5f6905b0d3f44752>@@@Z@4HA 000000018001ae70     libucrt:fflush.obj
 0004:00000e7c       $pdata$__acrt_update_thread_locale_data$fin$0 000000018001ae7c     libucrt:locale_refcounting.obj
 0004:00000e88       $pdata$?fin$0@?0???$?RV<lambda_a37b2b86f63e897a80ea819b0eb08c01>@@AEAV<lambda_38ce7e780aa69e748d6df282ebc68efe>@@V<lambda_99fb1378e971ab6e7edea83e3a7a83a2>@@@?$__crt_seh_guarded_call@H@@QEAAH$$QEAV<lambda_a37b2b86f63e897a80ea819b0eb08c01>@@AEAV<lambda_38ce7e780aa69e748d6df282ebc68efe>@@$$QEAV<lambda_99fb1378e971ab6e7edea83e3a7a83a2>@@@Z@4HA 000000018001ae88     libucrt:commit.obj
 0004:00000e88       $pdata$?fin$0@?0???$?RV<lambda_751a882b2c74d4b022dec766aa51a29a>@@AEAV<lambda_628dfdc04ba53c8bfc02c9951375f3f5>@@V<lambda_f6c7be5f7998530c34de24c7437d6b54>@@@?$__crt_seh_guarded_call@H@@QEAAH$$QEAV<lambda_751a882b2c74d4b022dec766aa51a29a>@@AEAV<lambda_628dfdc04ba53c8bfc02c9951375f3f5>@@$$QEAV<lambda_f6c7be5f7998530c34de24c7437d6b54>@@@Z@4HA 000000018001ae88     libucrt:close.obj
 0004:00000e94       $pdata$_write$fin$0        000000018001ae94     libucrt:write.obj
 0004:00000ea0       $pdata$_fcloseall$fin$0    000000018001aea0     libucrt:closeall.obj
 0004:00000eac       $pdata$fclose$fin$0        000000018001aeac     libucrt:fclose.obj
 0004:00000eb8       $pdata$_ctrlfp$filt$0      000000018001aeb8     libucrt:fpctrl.obj
 0004:00000ec4       $pdata$_IsNonwritableInCurrentImage$filt$0 000000018001aec4     LIBCMT:pesect.obj
 0005:00000060       $R000000                   000000018001b060     * linker generated manifest res *

 Exports

  ordinal    name

        1    _register_zkfp_
